Component: ARM Compiler 5.06 update 2 (build 183) Tool: armlink [4d35b7]

==============================================================================

Section Cross References

    system_stm32f3xx.o(i.SystemCoreClockUpdate) refers to system_stm32f3xx.o(.data) for .data
    usart.o(i.HAL_UART_MspDeInit) refers to stm32f3xx_hal_gpio.o(i.HAL_GPIO_DeInit) for HAL_GPIO_DeInit
    usart.o(i.HAL_UART_MspDeInit) refers to stm32f3xx_hal_dma.o(i.HAL_DMA_DeInit) for HAL_DMA_DeInit
    usart.o(i.HAL_UART_MspDeInit) refers to stm32f3xx_hal_cortex.o(i.HAL_NVIC_DisableIRQ) for HAL_NVIC_DisableIRQ
    usart.o(i.HAL_UART_MspInit) refers to stm32f3xx_hal_gpio.o(i.HAL_GPIO_Init) for HAL_GPIO_Init
    usart.o(i.HAL_UART_MspInit) refers to stm32f3xx_hal_dma.o(i.HAL_DMA_Init) for HAL_DMA_Init
    usart.o(i.HAL_UART_MspInit) refers to stm32f3xx_hal_cortex.o(i.HAL_NVIC_SetPriority) for HAL_NVIC_SetPriority
    usart.o(i.HAL_UART_MspInit) refers to stm32f3xx_hal_cortex.o(i.HAL_NVIC_EnableIRQ) for HAL_NVIC_EnableIRQ
    usart.o(i.HAL_UART_MspInit) refers to usart.o(.bss) for .bss
    usart.o(i.MX_USART2_UART_Init) refers to stm32f3xx_hal_uart.o(i.HAL_UART_Init) for HAL_UART_Init
    usart.o(i.MX_USART2_UART_Init) refers to usart.o(.bss) for .bss
    gpio.o(i.MX_GPIO_Init) refers to stm32f3xx_hal_gpio.o(i.HAL_GPIO_Init) for HAL_GPIO_Init
    adc.o(i.HAL_ADC_MspDeInit) refers to stm32f3xx_hal_gpio.o(i.HAL_GPIO_DeInit) for HAL_GPIO_DeInit
    adc.o(i.HAL_ADC_MspDeInit) refers to stm32f3xx_hal_dma.o(i.HAL_DMA_DeInit) for HAL_DMA_DeInit
    adc.o(i.HAL_ADC_MspDeInit) refers to adc.o(.data) for .data
    adc.o(i.HAL_ADC_MspInit) refers to stm32f3xx_hal_gpio.o(i.HAL_GPIO_Init) for HAL_GPIO_Init
    adc.o(i.HAL_ADC_MspInit) refers to stm32f3xx_hal_dma.o(i.HAL_DMA_Init) for HAL_DMA_Init
    adc.o(i.HAL_ADC_MspInit) refers to adc.o(.data) for .data
    adc.o(i.HAL_ADC_MspInit) refers to adc.o(.bss) for .bss
    adc.o(i.MX_ADC1_Init) refers to stm32f3xx_hal_adc_ex.o(i.HAL_ADC_Init) for HAL_ADC_Init
    adc.o(i.MX_ADC1_Init) refers to stm32f3xx_hal_adc_ex.o(i.HAL_ADC_ConfigChannel) for HAL_ADC_ConfigChannel
    adc.o(i.MX_ADC1_Init) refers to adc.o(.bss) for .bss
    adc.o(i.MX_ADC2_Init) refers to stm32f3xx_hal_adc_ex.o(i.HAL_ADC_Init) for HAL_ADC_Init
    adc.o(i.MX_ADC2_Init) refers to stm32f3xx_hal_adc_ex.o(i.HAL_ADC_ConfigChannel) for HAL_ADC_ConfigChannel
    adc.o(i.MX_ADC2_Init) refers to adc.o(.bss) for .bss
    hrtim.o(i.HAL_HRTIM_MspPostInit) refers to stm32f3xx_hal_gpio.o(i.HAL_GPIO_Init) for HAL_GPIO_Init
    hrtim.o(i.MX_HRTIM1_Init) refers to stm32f3xx_hal_hrtim.o(i.HAL_HRTIM_Init) for HAL_HRTIM_Init
    hrtim.o(i.MX_HRTIM1_Init) refers to stm32f3xx_hal_hrtim.o(i.HAL_HRTIM_DLLCalibrationStart) for HAL_HRTIM_DLLCalibrationStart
    hrtim.o(i.MX_HRTIM1_Init) refers to stm32f3xx_hal_hrtim.o(i.HAL_HRTIM_PollForDLLCalibration) for HAL_HRTIM_PollForDLLCalibration
    hrtim.o(i.MX_HRTIM1_Init) refers to stm32f3xx_hal_hrtim.o(i.HAL_HRTIM_TimeBaseConfig) for HAL_HRTIM_TimeBaseConfig
    hrtim.o(i.MX_HRTIM1_Init) refers to stm32f3xx_hal_hrtim.o(i.HAL_HRTIM_WaveformTimerConfig) for HAL_HRTIM_WaveformTimerConfig
    hrtim.o(i.MX_HRTIM1_Init) refers to stm32f3xx_hal_hrtim.o(i.HAL_HRTIM_WaveformCompareConfig) for HAL_HRTIM_WaveformCompareConfig
    hrtim.o(i.MX_HRTIM1_Init) refers to stm32f3xx_hal_hrtim.o(i.HAL_HRTIM_WaveformOutputConfig) for HAL_HRTIM_WaveformOutputConfig
    hrtim.o(i.MX_HRTIM1_Init) refers to hrtim.o(i.HAL_HRTIM_MspPostInit) for HAL_HRTIM_MspPostInit
    hrtim.o(i.MX_HRTIM1_Init) refers to hrtim.o(.bss) for .bss
    dma.o(i.MX_DMA_Init) refers to stm32f3xx_hal_cortex.o(i.HAL_NVIC_SetPriority) for HAL_NVIC_SetPriority
    dma.o(i.MX_DMA_Init) refers to stm32f3xx_hal_cortex.o(i.HAL_NVIC_EnableIRQ) for HAL_NVIC_EnableIRQ
    stm32f3xx_hal_msp.o(i.HAL_MspInit) refers to stm32f3xx_hal_cortex.o(i.HAL_NVIC_SetPriorityGrouping) for HAL_NVIC_SetPriorityGrouping
    stm32f3xx_hal_msp.o(i.HAL_MspInit) refers to stm32f3xx_hal_cortex.o(i.HAL_NVIC_SetPriority) for HAL_NVIC_SetPriority
    stm32f3xx_it.o(i.DMA1_Channel1_IRQHandler) refers to stm32f3xx_hal_dma.o(i.HAL_DMA_IRQHandler) for HAL_DMA_IRQHandler
    stm32f3xx_it.o(i.DMA1_Channel1_IRQHandler) refers to adc.o(.bss) for hdma_adc1
    stm32f3xx_it.o(i.DMA1_Channel2_IRQHandler) refers to stm32f3xx_hal_dma.o(i.HAL_DMA_IRQHandler) for HAL_DMA_IRQHandler
    stm32f3xx_it.o(i.DMA1_Channel2_IRQHandler) refers to adc.o(.bss) for hdma_adc2
    stm32f3xx_it.o(i.DMA1_Channel7_IRQHandler) refers to stm32f3xx_hal_dma.o(i.HAL_DMA_IRQHandler) for HAL_DMA_IRQHandler
    stm32f3xx_it.o(i.DMA1_Channel7_IRQHandler) refers to usart.o(.bss) for hdma_usart2_tx
    stm32f3xx_it.o(i.SysTick_Handler) refers to stm32f3xx_hal.o(i.HAL_IncTick) for HAL_IncTick
    stm32f3xx_it.o(i.SysTick_Handler) refers to stm32f3xx_hal_cortex.o(i.HAL_SYSTICK_IRQHandler) for HAL_SYSTICK_IRQHandler
    stm32f3xx_it.o(i.TIM1_UP_TIM16_IRQHandler) refers to stm32f3xx_hal_tim.o(i.HAL_TIM_IRQHandler) for HAL_TIM_IRQHandler
[...]
    Removing stm32f3xx_hal_gpio.o(i.HAL_GPIO_EXTI_IRQHandler), (24 bytes).
    Removing stm32f3xx_hal_gpio.o(i.HAL_GPIO_LockPin), (42 bytes).
    Removing stm32f3xx_hal_gpio.o(i.HAL_GPIO_ReadPin), (14 bytes).
    Removing stm32f3xx_hal_gpio.o(i.HAL_GPIO_TogglePin), (8 bytes).
    Removing stm32f3xx_hal_dac_ex.o(.rev16_text), (4 bytes).
    Removing stm32f3xx_hal_dac_ex.o(.revsh_text), (4 bytes).
    Removing stm32f3xx_hal_dac_ex.o(i.DAC_DMAConvCpltCh1), (16 bytes).
    Removing stm32f3xx_hal_dac_ex.o(i.DAC_DMAConvCpltCh2), (16 bytes).
    Removing stm32f3xx_hal_dac_ex.o(i.DAC_DMAErrorCh1), (24 bytes).
    Removing stm32f3xx_hal_dac_ex.o(i.DAC_DMAErrorCh2), (24 bytes).
    Removing stm32f3xx_hal_dac_ex.o(i.DAC_DMAHalfConvCpltCh1), (6 bytes).
    Removing stm32f3xx_hal_dac_ex.o(i.DAC_DMAHalfConvCpltCh2), (10 bytes).
    Removing stm32f3xx_hal_dac_ex.o(i.HAL_DACEx_ConvCpltCallbackCh2), (2 bytes).
    Removing stm32f3xx_hal_dac_ex.o(i.HAL_DACEx_ConvHalfCpltCallbackCh2), (2 bytes).
    Removing stm32f3xx_hal_dac_ex.o(i.HAL_DACEx_DMAUnderrunCallbackCh2), (2 bytes).
    Removing stm32f3xx_hal_dac_ex.o(i.HAL_DACEx_DualGetValue), (12 bytes).
    Removing stm32f3xx_hal_dac_ex.o(i.HAL_DACEx_DualSetValue), (24 bytes).
    Removing stm32f3xx_hal_dac_ex.o(i.HAL_DACEx_ErrorCallbackCh2), (2 bytes).
    Removing stm32f3xx_hal_dac_ex.o(i.HAL_DACEx_NoiseWaveGenerate), (56 bytes).
    Removing stm32f3xx_hal_dac_ex.o(i.HAL_DACEx_TriangleWaveGenerate), (56 bytes).
    Removing stm32f3xx_hal_dac_ex.o(i.HAL_DAC_GetValue), (14 bytes).
    Removing stm32f3xx_hal_dac_ex.o(i.HAL_DAC_IRQHandler), (90 bytes).
    Removing stm32f3xx_hal_dac_ex.o(i.HAL_DAC_Start_DMA), (252 bytes).
    Removing stm32f3xx_hal_tim_ex.o(.rev16_text), (4 bytes).
    Removing stm32f3xx_hal_tim_ex.o(.revsh_text), (4 bytes).
    Removing stm32f3xx_hal_tim_ex.o(i.HAL_TIMEx_ConfigBreakDeadTime), (190 bytes).
    Removing stm32f3xx_hal_tim_ex.o(i.HAL_TIMEx_ConfigCommutationEvent), (98 bytes).
    Removing stm32f3xx_hal_tim_ex.o(i.HAL_TIMEx_ConfigCommutationEvent_DMA), (128 bytes).
    Removing stm32f3xx_hal_tim_ex.o(i.HAL_TIMEx_ConfigCommutationEvent_IT), (108 bytes).
    Removing stm32f3xx_hal_tim_ex.o(i.HAL_TIMEx_DMACommutationCplt), (16 bytes).
    Removing stm32f3xx_hal_tim_ex.o(i.HAL_TIMEx_GroupChannel5), (64 bytes).
    Removing stm32f3xx_hal_tim_ex.o(i.HAL_TIMEx_HallSensor_DeInit), (56 bytes).
    Removing stm32f3xx_hal_tim_ex.o(i.HAL_TIMEx_HallSensor_GetState), (6 bytes).
    Removing stm32f3xx_hal_tim_ex.o(i.HAL_TIMEx_HallSensor_Init), (184 bytes).
    Removing stm32f3xx_hal_tim_ex.o(i.HAL_TIMEx_HallSensor_MspDeInit), (2 bytes).
    Removing stm32f3xx_hal_tim_ex.o(i.HAL_TIMEx_HallSensor_MspInit), (2 bytes).
    Removing stm32f3xx_hal_tim_ex.o(i.HAL_TIMEx_HallSensor_Start), (28 bytes).
    Removing stm32f3xx_hal_tim_ex.o(i.HAL_TIMEx_HallSensor_Start_DMA), (116 bytes).
    Removing stm32f3xx_hal_tim_ex.o(i.HAL_TIMEx_HallSensor_Start_IT), (38 bytes).
    Removing stm32f3xx_hal_tim_ex.o(i.HAL_TIMEx_HallSensor_Stop), (46 bytes).
    Removing stm32f3xx_hal_tim_ex.o(i.HAL_TIMEx_HallSensor_Stop_DMA), (56 bytes).
    Removing stm32f3xx_hal_tim_ex.o(i.HAL_TIMEx_HallSensor_Stop_IT), (56 bytes).
    Removing stm32f3xx_hal_tim_ex.o(i.HAL_TIMEx_OCN_Start), (36 bytes).
    Removing stm32f3xx_hal_tim_ex.o(i.HAL_TIMEx_OCN_Start_DMA), (244 bytes).
    Removing stm32f3xx_hal_tim_ex.o(i.HAL_TIMEx_OCN_Start_IT), (104 bytes).
    Removing stm32f3xx_hal_tim_ex.o(i.HAL_TIMEx_OCN_Stop), (68 bytes).
    Removing stm32f3xx_hal_tim_ex.o(i.HAL_TIMEx_OCN_Stop_DMA), (132 bytes).
    Removing stm32f3xx_hal_tim_ex.o(i.HAL_TIMEx_OCN_Stop_IT), (142 bytes).
    Removing stm32f3xx_hal_tim_ex.o(i.HAL_TIMEx_OnePulseN_Start), (26 bytes).
    Removing stm32f3xx_hal_tim_ex.o(i.HAL_TIMEx_OnePulseN_Start_IT), (46 bytes).
    Removing stm32f3xx_hal_tim_ex.o(i.HAL_TIMEx_OnePulseN_Stop), (68 bytes).
    Removing stm32f3xx_hal_tim_ex.o(i.HAL_TIMEx_OnePulseN_Stop_IT), (88 bytes).
    Removing stm32f3xx_hal_tim_ex.o(i.HAL_TIMEx_PWMN_Start), (36 bytes).
    Removing stm32f3xx_hal_tim_ex.o(i.HAL_TIMEx_PWMN_Start_DMA), (244 bytes).
    Removing stm32f3xx_hal_tim_ex.o(i.HAL_TIMEx_PWMN_Start_IT), (104 bytes).
    Removing stm32f3xx_hal_tim_ex.o(i.HAL_TIMEx_PWMN_Stop), (68 bytes).
    Removing stm32f3xx_hal_tim_ex.o(i.HAL_TIMEx_PWMN_Stop_DMA), (132 bytes).
    Removing stm32f3xx_hal_tim_ex.o(i.HAL_TIMEx_PWMN_Stop_IT), (142 bytes).
    Removing stm32f3xx_hal_tim_ex.o(i.HAL_TIMEx_RemapConfig), (36 bytes).
    Removing stm32f3xx_hal_tim_ex.o(i.HAL_TIM_ConfigOCrefClear), (284 bytes).
    Removing stm32f3xx_hal_tim_ex.o(i.HAL_TIM_OC_ConfigChannel), (114 bytes).
    Removing stm32f3xx_hal_tim_ex.o(i.HAL_TIM_PWM_ConfigChannel), (314 bytes).
    Removing stm32f3xx_hal_tim_ex.o(i.TIM_CCxNChannelCmd), (26 bytes).
    Removing stm32f3xx_hal_tim_ex.o(i.TIM_OC5_SetConfig), (94 bytes).
    Removing stm32f3xx_hal_tim_ex.o(i.TIM_OC6_SetConfig), (96 bytes).
    Removing stm32f3xx_hal_tim.o(.rev16_text), (4 bytes).
    Removing stm32f3xx_hal_tim.o(.revsh_text), (4 bytes).
    Removing stm32f3xx_hal_tim.o(i.HAL_TIM_Base_DeInit), (56 bytes).
    Removing stm32f3xx_hal_tim.o(i.HAL_TIM_Base_GetState), (6 bytes).
    Removing stm32f3xx_hal_tim.o(i.HAL_TIM_Base_MspDeInit), (2 bytes).
    Removing stm32f3xx_hal_tim.o(i.HAL_TIM_Base_MspInit), (2 bytes).
    Removing stm32f3xx_hal_tim.o(i.HAL_TIM_Base_Start), (26 bytes).
    Removing stm32f3xx_hal_tim.o(i.HAL_TIM_Base_Start_DMA), (100 bytes).
    Removing stm32f3xx_hal_tim.o(i.HAL_TIM_Base_Stop), (44 bytes).
    Removing stm32f3xx_hal_tim.o(i.HAL_TIM_Base_Stop_DMA), (48 bytes).
    Removing stm32f3xx_hal_tim.o(i.HAL_TIM_Base_Stop_IT), (42 bytes).
    Removing stm32f3xx_hal_tim.o(i.HAL_TIM_ConfigOCrefClear), (190 bytes).
    Removing stm32f3xx_hal_tim.o(i.HAL_TIM_ConfigTI1Input), (16 bytes).
    Removing stm32f3xx_hal_tim.o(i.HAL_TIM_DMABurst_ReadStart), (344 bytes).
    Removing stm32f3xx_hal_tim.o(i.HAL_TIM_DMABurst_ReadStop), (120 bytes).
    Removing stm32f3xx_hal_tim.o(i.HAL_TIM_DMABurst_WriteStart), (336 bytes).
    Removing stm32f3xx_hal_tim.o(i.HAL_TIM_DMABurst_WriteStop), (120 bytes).
    Removing stm32f3xx_hal_tim.o(i.HAL_TIM_DMACaptureCplt), (66 bytes).
    Removing stm32f3xx_hal_tim.o(i.HAL_TIM_DMADelayPulseCplt), (66 bytes).
    Removing stm32f3xx_hal_tim.o(i.HAL_TIM_DMAError), (16 bytes).
    Removing stm32f3xx_hal_tim.o(i.HAL_TIM_Encoder_DeInit), (56 bytes).
    Removing stm32f3xx_hal_tim.o(i.HAL_TIM_Encoder_GetState), (6 bytes).
    Removing stm32f3xx_hal_tim.o(i.HAL_TIM_Encoder_Init), (184 bytes).
    Removing stm32f3xx_hal_tim.o(i.HAL_TIM_Encoder_MspDeInit), (2 bytes).
    Removing stm32f3xx_hal_tim.o(i.HAL_TIM_Encoder_MspInit), (2 bytes).
    Removing stm32f3xx_hal_tim.o(i.HAL_TIM_Encoder_Start), (66 bytes).
    Removing stm32f3xx_hal_tim.o(i.HAL_TIM_Encoder_Start_DMA), (292 bytes).
    Removing stm32f3xx_hal_tim.o(i.HAL_TIM_Encoder_Start_IT), (106 bytes).
    Removing stm32f3xx_hal_tim.o(i.HAL_TIM_Encoder_Stop), (84 bytes).
    Removing stm32f3xx_hal_tim.o(i.HAL_TIM_Encoder_Stop_DMA), (130 bytes).
    Removing stm32f3xx_hal_tim.o(i.HAL_TIM_Encoder_Stop_IT), (130 bytes).
    Removing stm32f3xx_hal_tim.o(i.HAL_TIM_ErrorCallback), (2 bytes).
    Removing stm32f3xx_hal_tim.o(i.HAL_TIM_GenerateEvent), (42 bytes).
    Removing stm32f3xx_hal_tim.o(i.HAL_TIM_IC_ConfigChannel), (190 bytes).
    Removing stm32f3xx_hal_tim.o(i.HAL_TIM_IC_DeInit), (56 bytes).
    Removing stm32f3xx_hal_tim.o(i.HAL_TIM_IC_GetState), (6 bytes).
    Removing stm32f3xx_hal_tim.o(i.HAL_TIM_IC_Init), (50 bytes).
    Removing stm32f3xx_hal_tim.o(i.HAL_TIM_IC_MspDeInit), (2 bytes).
    Removing stm32f3xx_hal_tim.o(i.HAL_TIM_IC_MspInit), (2 bytes).
    Removing stm32f3xx_hal_tim.o(i.HAL_TIM_IC_Start), (26 bytes).
    Removing stm32f3xx_hal_tim.o(i.HAL_TIM_IC_Start_DMA), (232 bytes).
    Removing stm32f3xx_hal_tim.o(i.HAL_TIM_IC_Start_IT), (84 bytes).
    Removing stm32f3xx_hal_tim.o(i.HAL_TIM_IC_Stop), (44 bytes).
    Removing stm32f3xx_hal_tim.o(i.HAL_TIM_IC_Stop_DMA), (108 bytes).
    Removing stm32f3xx_hal_tim.o(i.HAL_TIM_IC_Stop_IT), (102 bytes).
    Removing stm32f3xx_hal_tim.o(i.HAL_TIM_OC_ConfigChannel), (86 bytes).
    Removing stm32f3xx_hal_tim.o(i.HAL_TIM_OC_DeInit), (56 bytes).
    Removing stm32f3xx_hal_tim.o(i.HAL_TIM_OC_GetState), (6 bytes).
    Removing stm32f3xx_hal_tim.o(i.HAL_TIM_OC_Init), (50 bytes).
    Removing stm32f3xx_hal_tim.o(i.HAL_TIM_OC_MspDeInit), (2 bytes).
    Removing stm32f3xx_hal_tim.o(i.HAL_TIM_OC_MspInit), (2 bytes).
    Removing stm32f3xx_hal_tim.o(i.HAL_TIM_OC_Start), (64 bytes).
    Removing stm32f3xx_hal_tim.o(i.HAL_TIM_OC_Start_DMA), (272 bytes).
    Removing stm32f3xx_hal_tim.o(i.HAL_TIM_OC_Start_IT), (122 bytes).
    Removing stm32f3xx_hal_tim.o(i.HAL_TIM_OC_Stop), (94 bytes).
    Removing stm32f3xx_hal_tim.o(i.HAL_TIM_OC_Stop_DMA), (158 bytes).
    Removing stm32f3xx_hal_tim.o(i.HAL_TIM_OC_Stop_IT), (152 bytes).
    Removing stm32f3xx_hal_tim.o(i.HAL_TIM_OnePulse_ConfigChannel), (254 bytes).
    Removing stm32f3xx_hal_tim.o(i.HAL_TIM_OnePulse_DeInit), (56 bytes).
    Removing stm32f3xx_hal_tim.o(i.HAL_TIM_OnePulse_GetState), (6 bytes).
    Removing stm32f3xx_hal_tim.o(i.HAL_TIM_OnePulse_Init), (70 bytes).
    Removing stm32f3xx_hal_tim.o(i.HAL_TIM_OnePulse_MspDeInit), (2 bytes).
    Removing stm32f3xx_hal_tim.o(i.HAL_TIM_OnePulse_MspInit), (2 bytes).
    Removing stm32f3xx_hal_tim.o(i.HAL_TIM_OnePulse_Start), (66 bytes).
    Removing stm32f3xx_hal_tim.o(i.HAL_TIM_OnePulse_Start_IT), (86 bytes).
    Removing stm32f3xx_hal_tim.o(i.HAL_TIM_OnePulse_Stop), (106 bytes).
    Removing stm32f3xx_hal_tim.o(i.HAL_TIM_OnePulse_Stop_IT), (126 bytes).
    Removing stm32f3xx_hal_tim.o(i.HAL_TIM_PWM_ConfigChannel), (220 bytes).
    Removing stm32f3xx_hal_tim.o(i.HAL_TIM_PWM_DeInit), (56 bytes).
    Removing stm32f3xx_hal_tim.o(i.HAL_TIM_PWM_GetState), (6 bytes).
    Removing stm32f3xx_hal_tim.o(i.HAL_TIM_PWM_Init), (50 bytes).
    Removing stm32f3xx_hal_tim.o(i.HAL_TIM_PWM_MspDeInit), (2 bytes).
    Removing stm32f3xx_hal_tim.o(i.HAL_TIM_PWM_MspInit), (2 bytes).
    Removing stm32f3xx_hal_tim.o(i.HAL_TIM_PWM_Start), (64 bytes).
    Removing stm32f3xx_hal_tim.o(i.HAL_TIM_PWM_Start_DMA), (272 bytes).
    Removing stm32f3xx_hal_tim.o(i.HAL_TIM_PWM_Start_IT), (122 bytes).
    Removing stm32f3xx_hal_tim.o(i.HAL_TIM_PWM_Stop), (100 bytes).
    Removing stm32f3xx_hal_tim.o(i.HAL_TIM_PWM_Stop_DMA), (158 bytes).
    Removing stm32f3xx_hal_tim.o(i.HAL_TIM_PWM_Stop_IT), (152 bytes).
    Removing stm32f3xx_hal_tim.o(i.HAL_TIM_PeriodElapsedCallback), (2 bytes).
    Removing stm32f3xx_hal_tim.o(i.HAL_TIM_ReadCapturedValue), (68 bytes).
    Removing stm32f3xx_hal_tim.o(i.HAL_TIM_SlaveConfigSynchronization), (164 bytes).
    Removing stm32f3xx_hal_tim.o(i.TIM_CCxChannelCmd), (26 bytes).
    Removing stm32f3xx_hal_tim.o(i.TIM_DMAPeriodElapsedCplt), (16 bytes).
    Removing stm32f3xx_hal_tim.o(i.TIM_DMATriggerCplt), (16 bytes).
    Removing stm32f3xx_hal_tim.o(i.TIM_OC1_SetConfig), (152 bytes).
    Removing stm32f3xx_hal_tim.o(i.TIM_OC2_SetConfig), (132 bytes).
    Removing stm32f3xx_hal_tim.o(i.TIM_OC3_SetConfig), (132 bytes).
    Removing stm32f3xx_hal_tim.o(i.TIM_OC4_SetConfig), (100 bytes).
    Removing stm32f3xx_hal_tim.o(i.TIM_TI1_SetConfig), (94 bytes).
    Removing stm32f3xx_hal_tim.o(i.TIM_TI2_SetConfig), (64 bytes).
    Removing stm32f3xx_hal_tim.o(i.TIM_TI3_SetConfig), (60 bytes).
    Removing stm32f3xx_hal_tim.o(i.TIM_TI4_SetConfig), (64 bytes).
    Removing stm32f3xx_hal_iwdg.o(.rev16_text), (4 bytes).
    Removing stm32f3xx_hal_iwdg.o(.revsh_text), (4 bytes).
    Removing stm32f3xx_hal_iwdg.o(i.HAL_IWDG_GetState), (4 bytes).
    Removing stm32f3xx_hal_iwdg.o(i.HAL_IWDG_MspInit), (2 bytes).
    Removing startup_stm32f334x8.o(HEAP), (512 bytes).

539 unused section(s) (total 45206 bytes) removed from the image.

==============================================================================

Image Symbol Table

    Local Symbols

    Symbol Name                              Value     Ov Type        Size  Object(Section)

    ../Drivers/CMSIS/Device/ST/STM32F3xx/Source/Templates/arm/startup_stm32f334x8.s 0x00000000   Number         0  startup_stm32f334x8.o ABSOLUTE
    ../Drivers/CMSIS/Device/ST/STM32F3xx/Source/Templates/system_stm32f3xx.c 0x00000000   Number         0  system_stm32f3xx.o ABSOLUTE
    ../Drivers/STM32F3xx_HAL_Driver/Src/stm32f3xx_hal.c 0x00000000   Number         0  stm32f3xx_hal.o ABSOLUTE
    ../Drivers/STM32F3xx_HAL_Driver/Src/stm32f3xx_hal_adc.c 0x00000000   Number         0  stm32f3xx_hal_adc.o ABSOLUTE
    ../Drivers/STM32F3xx_HAL_Driver/Src/stm32f3xx_hal_adc_ex.c 0x00000000   Number         0  stm32f3xx_hal_adc_ex.o ABSOLUTE
    ../Drivers/STM32F3xx_HAL_Driver/Src/stm32f3xx_hal_cortex.c 0x00000000   Number         0  stm32f3xx_hal_cortex.o ABSOLUTE
    ../Drivers/STM32F3xx_HAL_Driver/Src/stm32f3xx_hal_dac.c 0x00000000   Number         0  stm32f3xx_hal_dac.o ABSOLUTE
    ../Drivers/STM32F3xx_HAL_Driver/Src/stm32f3xx_hal_dac_ex.c 0x00000000   Number         0  stm32f3xx_hal_dac_ex.o ABSOLUTE
    ../Drivers/STM32F3xx_HAL_Driver/Src/stm32f3xx_hal_dma.c 0x00000000   Number         0  stm32f3xx_hal_dma.o ABSOLUTE
    ../Drivers/STM32F3xx_HAL_Driver/Src/stm32f3xx_hal_flash.c 0x00000000   Number         0  stm32f3xx_hal_flash.o ABSOLUTE
    ../Drivers/STM32F3xx_HAL_Driver/Src/stm32f3xx_hal_flash_ex.c 0x00000000   Number         0  stm32f3xx_hal_flash_ex.o ABSOLUTE
    ../Drivers/STM32F3xx_HAL_Driver/Src/stm32f3xx_hal_gpio.c 0x00000000   Number         0  stm32f3xx_hal_gpio.o ABSOLUTE
    ../Drivers/STM32F3xx_HAL_Driver/Src/stm32f3xx_hal_hrtim.c 0x00000000   Number         0  stm32f3xx_hal_hrtim.o ABSOLUTE
    ../Drivers/STM32F3xx_HAL_Driver/Src/stm32f3xx_hal_iwdg.c 0x00000000   Number         0  stm32f3xx_hal_iwdg.o ABSOLUTE
    ../Drivers/STM32F3xx_HAL_Driver/Src/stm32f3xx_hal_pwr.c 0x00000000   Number         0  stm32f3xx_hal_pwr.o ABSOLUTE
    ../Drivers/STM32F3xx_HAL_Driver/Src/stm32f3xx_hal_pwr_ex.c 0x00000000   Number         0  stm32f3xx_hal_pwr_ex.o ABSOLUTE
    ../Drivers/STM32F3xx_HAL_Driver/Src/stm32f3xx_hal_rcc.c 0x00000000   Number         0  stm32f3xx_hal_rcc.o ABSOLUTE
    ../Drivers/STM32F3xx_HAL_Driver/Src/stm32f3xx_hal_rcc_ex.c 0x00000000   Number         0  stm32f3xx_hal_rcc_ex.o ABSOLUTE
    ../Drivers/STM32F3xx_HAL_Driver/Src/stm32f3xx_hal_tim.c 0x00000000   Number         0  stm32f3xx_hal_tim.o ABSOLUTE
    ../Drivers/STM32F3xx_HAL_Driver/Src/stm32f3xx_hal_tim_ex.c 0x00000000   Number         0  stm32f3xx_hal_tim_ex.o ABSOLUTE
    ../Drivers/STM32F3xx_HAL_Driver/Src/stm32f3xx_hal_uart.c 0x00000000   Number         0  stm32f3xx_hal_uart.o ABSOLUTE
    ../Drivers/STM32F3xx_HAL_Driver/Src/stm32f3xx_hal_uart_ex.c 0x00000000   Number         0  stm32f3xx_hal_uart_ex.o ABSOLUTE
    ../Src/adc.c                             0x00000000   Number         0  adc.o ABSOLUTE
    ../Src/dac.c                             0x00000000   Number         0  dac.o ABSOLUTE
    ../Src/dma.c                             0x00000000   Number         0  dma.o ABSOLUTE
    ../Src/gpio.c                            0x00000000   Number         0  gpio.o ABSOLUTE
    ../Src/hrtim.c                           0x00000000   Number         0  hrtim.o ABSOLUTE
    ../Src/iwdg.c                            0x00000000   Number         0  iwdg.o ABSOLUTE
    ../Src/main.c                            0x00000000   Number         0  main.o ABSOLUTE
    ../Src/stm32f3xx_hal_msp.c               0x00000000   Number         0  stm32f3xx_hal_msp.o ABSOLUTE
    ../Src/stm32f3xx_it.c                    0x00000000   Number         0  stm32f3xx_it.o ABSOLUTE
    ../Src/tim.c                             0x00000000   Number         0  tim.o ABSOLUTE
    ../Src/usart.c                           0x00000000   Number         0  usart.o ABSOLUTE
    ../clib/microlib/init/entry.s            0x00000000   Number         0  entry9a.o ABSOLUTE
    ../clib/microlib/init/entry.s            0x00000000   Number         0  entry8b.o ABSOLUTE
    ../clib/microlib/init/entry.s            0x00000000   Number         0  entry8a.o ABSOLUTE
    ../clib/microlib/init/entry.s            0x00000000   Number         0  entry.o ABSOLUTE
    ../clib/microlib/init/entry.s            0x00000000   Number         0  entry5.o ABSOLUTE
    ../clib/microlib/init/entry.s            0x00000000   Number         0  entry10a.o ABSOLUTE
    ../clib/microlib/init/entry.s            0x00000000   Number         0  entry7b.o ABSOLUTE
    ../clib/microlib/init/entry.s            0x00000000   Number         0  entry7a.o ABSOLUTE
    ../clib/microlib/init/entry.s            0x00000000   Number         0  entry2.o ABSOLUTE
    ../clib/microlib/init/entry.s            0x00000000   Number         0  entry11b.o ABSOLUTE
    ../clib/microlib/init/entry.s            0x00000000   Number         0  entry11a.o ABSOLUTE
    ../clib/microlib/init/entry.s            0x00000000   Number         0  entry10b.o ABSOLUTE
    ../clib/microlib/init/entry.s            0x00000000   Number         0  entry9b.o ABSOLUTE
    ../clib/microlib/longlong.c              0x00000000   Number         0  llshl.o ABSOLUTE
    ../clib/microlib/longlong.c              0x00000000   Number         0  llushr.o ABSOLUTE
    ../clib/microlib/string/memcpy.c         0x00000000   Number         0  memcpya.o ABSOLUTE
    ../clib/microlib/string/memcpy.c         0x00000000   Number         0  memcpyb.o ABSOLUTE
    ../clib/microlib/stubs.s                 0x00000000   Number         0  iusefp.o ABSOLUTE
    ../fplib/microlib/d2f.c                  0x00000000   Number         0  d2f.o ABSOLUTE
    ../fplib/microlib/f2d.c                  0x00000000   Number         0  f2d.o ABSOLUTE
    ../fplib/microlib/fpepilogue.c           0x00000000   Number         0  depilogue.o ABSOLUTE
    ../fplib/microlib/fpepilogue.c           0x00000000   Number         0  fepilogue.o ABSOLUTE
    ../fplib/microlib/fpflt.c                0x00000000   Number         0  dflti.o ABSOLUTE
    ../fplib/microlib/fpmul.c                0x00000000   Number         0  dmul.o ABSOLUTE
    ..\Drivers\CMSIS\Device\ST\STM32F3xx\Source\Templates\system_stm32f3xx.c 0x00000000   Number         0  system_stm32f3xx.o ABSOLUTE
    ..\Drivers\STM32F3xx_HAL_Driver\Src\stm32f3xx_hal.c 0x00000000   Number         0  stm32f3xx_hal.o ABSOLUTE
    ..\Drivers\STM32F3xx_HAL_Driver\Src\stm32f3xx_hal_adc.c 0x00000000   Number         0  stm32f3xx_hal_adc.o ABSOLUTE
    ..\Drivers\STM32F3xx_HAL_Driver\Src\stm32f3xx_hal_adc_ex.c 0x00000000   Number         0  stm32f3xx_hal_adc_ex.o ABSOLUTE
    ..\Drivers\STM32F3xx_HAL_Driver\Src\stm32f3xx_hal_cortex.c 0x00000000   Number         0  stm32f3xx_hal_cortex.o ABSOLUTE
    ..\Drivers\STM32F3xx_HAL_Driver\Src\stm32f3xx_hal_dac.c 0x00000000   Number         0  stm32f3xx_hal_dac.o ABSOLUTE
    ..\Drivers\STM32F3xx_HAL_Driver\Src\stm32f3xx_hal_dac_ex.c 0x00000000   Number         0  stm32f3xx_hal_dac_ex.o ABSOLUTE
    ..\Drivers\STM32F3xx_HAL_Driver\Src\stm32f3xx_hal_dma.c 0x00000000   Number         0  stm32f3xx_hal_dma.o ABSOLUTE
    ..\Drivers\STM32F3xx_HAL_Driver\Src\stm32f3xx_hal_flash.c 0x00000000   Number         0  stm32f3xx_hal_flash.o ABSOLUTE
    ..\Drivers\STM32F3xx_HAL_Driver\Src\stm32f3xx_hal_flash_ex.c 0x00000000   Number         0  stm32f3xx_hal_flash_ex.o ABSOLUTE
    ..\Drivers\STM32F3xx_HAL_Driver\Src\stm32f3xx_hal_gpio.c 0x00000000   Number         0  stm32f3xx_hal_gpio.o ABSOLUTE
    ..\Drivers\STM32F3xx_HAL_Driver\Src\stm32f3xx_hal_hrtim.c 0x00000000   Number         0  stm32f3xx_hal_hrtim.o ABSOLUTE
    ..\Drivers\STM32F3xx_HAL_Driver\Src\stm32f3xx_hal_iwdg.c 0x00000000   Number         0  stm32f3xx_hal_iwdg.o ABSOLUTE
    ..\Drivers\STM32F3xx_HAL_Driver\Src\stm32f3xx_hal_pwr.c 0x00000000   Number         0  stm32f3xx_hal_pwr.o ABSOLUTE
    ..\Drivers\STM32F3xx_HAL_Driver\Src\stm32f3xx_hal_pwr_ex.c 0x00000000   Number         0  stm32f3xx_hal_pwr_ex.o ABSOLUTE
    ..\Drivers\STM32F3xx_HAL_Driver\Src\stm32f3xx_hal_rcc.c 0x00000000   Number         0  stm32f3xx_hal_rcc.o ABSOLUTE
    ..\Drivers\STM32F3xx_HAL_Driver\Src\stm32f3xx_hal_rcc_ex.c 0x00000000   Number         0  stm32f3xx_hal_rcc_ex.o ABSOLUTE
    ..\Drivers\STM32F3xx_HAL_Driver\Src\stm32f3xx_hal_tim.c 0x00000000   Number         0  stm32f3xx_hal_tim.o ABSOLUTE
    ..\Drivers\STM32F3xx_HAL_Driver\Src\stm32f3xx_hal_tim_ex.c 0x00000000   Number         0  stm32f3xx_hal_tim_ex.o ABSOLUTE
    ..\Drivers\STM32F3xx_HAL_Driver\Src\stm32f3xx_hal_uart.c 0x00000000   Number         0  stm32f3xx_hal_uart.o ABSOLUTE
    ..\Drivers\STM32F3xx_HAL_Driver\Src\stm32f3xx_hal_uart_ex.c 0x00000000   Number         0  stm32f3xx_hal_uart_ex.o ABSOLUTE
    ..\Src\adc.c                             0x00000000   Number         0  adc.o ABSOLUTE
    ..\Src\dac.c                             0x00000000   Number         0  dac.o ABSOLUTE
    ..\Src\dma.c                             0x00000000   Number         0  dma.o ABSOLUTE
    ..\Src\gpio.c                            0x00000000   Number         0  gpio.o ABSOLUTE
    ..\Src\hrtim.c                           0x00000000   Number         0  hrtim.o ABSOLUTE
    ..\Src\itcallback.cpp                    0x00000000   Number         0  itcallback.o ABSOLUTE
    ..\Src\iwdg.c                            0x00000000   Number         0  iwdg.o ABSOLUTE
    ..\Src\main.c                            0x00000000   Number         0  main.o ABSOLUTE
    ..\Src\sensortiming.cpp                  0x00000000   Number         0  sensortiming.o ABSOLUTE
    ..\Src\serverfunc.cpp                    0x00000000   Number         0  serverfunc.o ABSOLUTE
    ..\Src\stm32f3xx_hal_msp.c               0x00000000   Number         0  stm32f3xx_hal_msp.o ABSOLUTE
    ..\Src\stm32f3xx_it.c                    0x00000000   Number         0  stm32f3xx_it.o ABSOLUTE
    ..\Src\tim.c                             0x00000000   Number         0  tim.o ABSOLUTE
    ..\Src\uartcallback.cpp                  0x00000000   Number         0  uartcallback.o ABSOLUTE
    ..\Src\usart.c                           0x00000000   Number         0  usart.o ABSOLUTE
    ..\\Src\\itcallback.cpp                  0x00000000   Number         0  itcallback.o ABSOLUTE
    ..\\Src\\sensortiming.cpp                0x00000000   Number         0  sensortiming.o ABSOLUTE
    ..\\Src\\serverfunc.cpp                  0x00000000   Number         0  serverfunc.o ABSOLUTE
    ..\\Src\\uartcallback.cpp                0x00000000   Number         0  uartcallback.o ABSOLUTE
    dc.s                                     0x00000000   Number         0  dc.o ABSOLUTE
    handlers.s                               0x00000000   Number         0  handlers.o ABSOLUTE
    init.s                                   0x00000000   Number         0  init.o ABSOLUTE
    RESET                                    0x08000000   Section      392  startup_stm32f334x8.o(RESET)
    .ARM.Collect$$$$00000000                 0x08000188   Section        0  entry.o(.ARM.Collect$$$$00000000)
    .ARM.Collect$$$$00000001                 0x08000188   Section        4  entry2.o(.ARM.Collect$$$$00000001)
    .ARM.Collect$$$$00000004                 0x0800018c   Section        4  entry5.o(.ARM.Collect$$$$00000004)
    .ARM.Collect$$$$00000008                 0x08000190   Section        0  entry7b.o(.ARM.Collect$$$$00000008)
    .ARM.Collect$$$$0000000A                 0x08000190   Section        0  entry8b.o(.ARM.Collect$$$$0000000A)
    .ARM.Collect$$$$0000000B                 0x08000190   Section        8  entry9a.o(.ARM.Collect$$$$0000000B)
    .ARM.Collect$$$$0000000D                 0x08000198   Section        0  entry10a.o(.ARM.Collect$$$$0000000D)
    .ARM.Collect$$$$0000000F                 0x08000198   Section        0  entry11a.o(.ARM.Collect$$$$0000000F)
    .ARM.Collect$$$$00002712                 0x08000198   Section        4  entry2.o(.ARM.Collect$$$$00002712)
    __lit__00000000                          0x08000198   Data           4  entry2.o(.ARM.Collect$$$$00002712)
    .text                                    0x0800019c   Section       36  startup_stm32f334x8.o(.text)
    $v0                                      0x0800019c   Number         0  startup_stm32f334x8.o(.text)
    .text                                    0x080001c0   Section        0  llushr.o(.text)
    .text                                    0x080001e0   Section        0  memcpya.o(.text)
    .text                                    0x08000204   Section        0  dmul.o(.text)
    .text                                    0x080002e8   Section        0  dflti.o(.text)
    .text                                    0x0800030a   Section        0  f2d.o(.text)
    .text                                    0x08000330   Section        0  d2f.o(.text)
    .text                                    0x08000368   Section        0  fepilogue.o(.text)
    .text                                    0x08000368   Section        0  iusefp.o(.text)
    .text                                    0x080003d6   Section        0  depilogue.o(.text)
    .text                                    0x08000490   Section       36  init.o(.text)
    .text                                    0x080004b4   Section        0  llshl.o(.text)
    i.ADC_DMAConvCplt                        0x080004d2   Section        0  stm32f3xx_hal_adc_ex.o(i.ADC_DMAConvCplt)
    ADC_DMAConvCplt                          0x080004d3   Thumb Code    44  stm32f3xx_hal_adc_ex.o(i.ADC_DMAConvCplt)
    i.ADC_DMAError                           0x080004fe   Section        0  stm32f3xx_hal_adc_ex.o(i.ADC_DMAError)
    ADC_DMAError                             0x080004ff   Thumb Code    20  stm32f3xx_hal_adc_ex.o(i.ADC_DMAError)
    i.ADC_DMAHalfConvCplt                    0x08000512   Section        0  stm32f3xx_hal_adc_ex.o(i.ADC_DMAHalfConvCplt)
    ADC_DMAHalfConvCplt                      0x08000513   Thumb Code     6  stm32f3xx_hal_adc_ex.o(i.ADC_DMAHalfConvCplt)
    i.ADC_Disable                            0x08000518   Section        0  stm32f3xx_hal_adc_ex.o(i.ADC_Disable)
    ADC_Disable                              0x08000519   Thumb Code   122  stm32f3xx_hal_adc_ex.o(i.ADC_Disable)
    i.ADC_Enable                             0x08000592   Section        0  stm32f3xx_hal_adc_ex.o(i.ADC_Enable)
    ADC_Enable                               0x08000593   Thumb Code   114  stm32f3xx_hal_adc_ex.o(i.ADC_Enable)
    i.DMA1_Channel1_IRQHandler               0x08000604   Section        0  stm32f3xx_it.o(i.DMA1_Channel1_IRQHandler)
    i.DMA1_Channel2_IRQHandler               0x08000610   Section        0  stm32f3xx_it.o(i.DMA1_Channel2_IRQHandler)
    i.DMA1_Channel7_IRQHandler               0x0800061c   Section        0  stm32f3xx_it.o(i.DMA1_Channel7_IRQHandler)
    i.DMA_SetConfig                          0x08000628   Section        0  stm32f3xx_hal_dma.o(i.DMA_SetConfig)
    DMA_SetConfig                            0x08000629   Thumb Code    34  stm32f3xx_hal_dma.o(i.DMA_SetConfig)
    i.Delay250ns                             0x0800064a   Section        0  serverfunc.o(i.Delay250ns)
    i.DelayUs                                0x0800067e   Section        0  serverfunc.o(i.DelayUs)
    i.HAL_ADCEx_Calibration_Start            0x080006b2   Section        0  stm32f3xx_hal_adc_ex.o(i.HAL_ADCEx_Calibration_Start)
    i.HAL_ADC_ConfigChannel                  0x08000744   Section        0  stm32f3xx_hal_adc_ex.o(i.HAL_ADC_ConfigChannel)
    i.HAL_ADC_ConvCpltCallback               0x08000b04   Section        0  itcallback.o(i.HAL_ADC_ConvCpltCallback)
    i.HAL_ADC_ConvHalfCpltCallback           0x08000b06   Section        0  itcallback.o(i.HAL_ADC_ConvHalfCpltCallback)
    i.HAL_ADC_ErrorCallback                  0x08000b08   Section        0  itcallback.o(i.HAL_ADC_ErrorCallback)
    i.HAL_ADC_Init                           0x08000b1c   Section        0  stm32f3xx_hal_adc_ex.o(i.HAL_ADC_Init)
    i.HAL_ADC_MspInit                        0x08000cb8   Section        0  adc.o(i.HAL_ADC_MspInit)
    i.HAL_ADC_Start_DMA                      0x08000dac   Section        0  stm32f3xx_hal_adc_ex.o(i.HAL_ADC_Start_DMA)
    i.HAL_DAC_ConfigChannel                  0x08000e60   Section        0  stm32f3xx_hal_dac.o(i.HAL_DAC_ConfigChannel)
    i.HAL_DAC_Init                           0x08000eb2   Section        0  stm32f3xx_hal_dac.o(i.HAL_DAC_Init)
    i.HAL_DAC_MspInit                        0x08000edc   Section        0  dac.o(i.HAL_DAC_MspInit)
    i.HAL_DAC_SetValue                       0x08000f14   Section        0  stm32f3xx_hal_dac_ex.o(i.HAL_DAC_SetValue)
    i.HAL_DAC_Start                          0x08000f3a   Section        0  stm32f3xx_hal_dac_ex.o(i.HAL_DAC_Start)
    i.HAL_DMA_IRQHandler                     0x08000fb0   Section        0  stm32f3xx_hal_dma.o(i.HAL_DMA_IRQHandler)
    i.HAL_DMA_Init                           0x08001220   Section        0  stm32f3xx_hal_dma.o(i.HAL_DMA_Init)
    i.HAL_DMA_Start_IT                       0x0800127e   Section        0  stm32f3xx_hal_dma.o(i.HAL_DMA_Start_IT)
    i.HAL_Delay                              0x080012da   Section        0  stm32f3xx_hal.o(i.HAL_Delay)
    i.HAL_GPIO_Init                          0x080012f0   Section        0  stm32f3xx_hal_gpio.o(i.HAL_GPIO_Init)
    i.HAL_GPIO_WritePin                      0x080014cc   Section        0  stm32f3xx_hal_gpio.o(i.HAL_GPIO_WritePin)
    i.HAL_GetTick                            0x080014d8   Section        0  stm32f3xx_hal.o(i.HAL_GetTick)
    i.HAL_HRTIM_DLLCalibrationStart          0x080014e4   Section        0  stm32f3xx_hal_hrtim.o(i.HAL_HRTIM_DLLCalibrationStart)
    i.HAL_HRTIM_Init                         0x08001524   Section        0  stm32f3xx_hal_hrtim.o(i.HAL_HRTIM_Init)
    i.HAL_HRTIM_MspInit                      0x080015dc   Section        0  hrtim.o(i.HAL_HRTIM_MspInit)
    i.HAL_HRTIM_MspPostInit                  0x080015f8   Section        0  hrtim.o(i.HAL_HRTIM_MspPostInit)
    i.HAL_HRTIM_PollForDLLCalibration        0x08001644   Section        0  stm32f3xx_hal_hrtim.o(i.HAL_HRTIM_PollForDLLCalibration)
    i.HAL_HRTIM_SoftwareReset                0x08001692   Section        0  stm32f3xx_hal_hrtim.o(i.HAL_HRTIM_SoftwareReset)
    i.HAL_HRTIM_TimeBaseConfig               0x080016ca   Section        0  stm32f3xx_hal_hrtim.o(i.HAL_HRTIM_TimeBaseConfig)
    i.HAL_HRTIM_WaveformCompareConfig        0x080016fe   Section        0  stm32f3xx_hal_hrtim.o(i.HAL_HRTIM_WaveformCompareConfig)
    i.HAL_HRTIM_WaveformCounterStart         0x08001850   Section        0  stm32f3xx_hal_hrtim.o(i.HAL_HRTIM_WaveformCounterStart)
    i.HAL_HRTIM_WaveformOutputConfig         0x08001882   Section        0  stm32f3xx_hal_hrtim.o(i.HAL_HRTIM_WaveformOutputConfig)
    i.HAL_HRTIM_WaveformOutputStart          0x080018bc   Section        0  stm32f3xx_hal_hrtim.o(i.HAL_HRTIM_WaveformOutputStart)
    i.HAL_HRTIM_WaveformTimerConfig          0x080018f0   Section        0  stm32f3xx_hal_hrtim.o(i.HAL_HRTIM_WaveformTimerConfig)
    i.HAL_IWDG_Init                          0x0800196c   Section        0  stm32f3xx_hal_iwdg.o(i.HAL_IWDG_Init)
    i.HAL_IWDG_MspInit                       0x08001a16   Section        0  iwdg.o(i.HAL_IWDG_MspInit)
    i.HAL_IWDG_Refresh                       0x08001a18   Section        0  stm32f3xx_hal_iwdg.o(i.HAL_IWDG_Refresh)
    i.HAL_IWDG_Start                         0x08001a78   Section        0  stm32f3xx_hal_iwdg.o(i.HAL_IWDG_Start)
    i.HAL_IncTick                            0x08001af0   Section        0  stm32f3xx_hal.o(i.HAL_IncTick)
    i.HAL_Init                               0x08001b00   Section        0  stm32f3xx_hal.o(i.HAL_Init)
    i.HAL_InitTick                           0x08001b24   Section        0  stm32f3xx_hal.o(i.HAL_InitTick)
    i.HAL_MspInit                            0x08001b48   Section        0  stm32f3xx_hal_msp.o(i.HAL_MspInit)
    i.HAL_NVIC_EnableIRQ                     0x08001b6c   Section        0  stm32f3xx_hal_cortex.o(i.HAL_NVIC_EnableIRQ)
    i.HAL_NVIC_SetPriority                   0x08001b84   Section        0  stm32f3xx_hal_cortex.o(i.HAL_NVIC_SetPriority)
    i.HAL_NVIC_SetPriorityGrouping           0x08001bec   Section        0  stm32f3xx_hal_cortex.o(i.HAL_NVIC_SetPriorityGrouping)
    i.HAL_RCCEx_PeriphCLKConfig              0x08001c10   Section        0  stm32f3xx_hal_rcc_ex.o(i.HAL_RCCEx_PeriphCLKConfig)
    i.HAL_RCC_ClockConfig                    0x08001dd4   Section        0  stm32f3xx_hal_rcc.o(i.HAL_RCC_ClockConfig)
    i.HAL_RCC_GetHCLKFreq                    0x080020f4   Section        0  stm32f3xx_hal_rcc.o(i.HAL_RCC_GetHCLKFreq)
    i.HAL_RCC_GetPCLK1Freq                   0x08002128   Section        0  stm32f3xx_hal_rcc.o(i.HAL_RCC_GetPCLK1Freq)
    i.HAL_RCC_GetPCLK2Freq                   0x08002154   Section        0  stm32f3xx_hal_rcc.o(i.HAL_RCC_GetPCLK2Freq)
    i.HAL_RCC_GetSysClockFreq                0x08002180   Section        0  stm32f3xx_hal_rcc_ex.o(i.HAL_RCC_GetSysClockFreq)
    i.HAL_RCC_MCOConfig                      0x080021f4   Section        0  stm32f3xx_hal_rcc.o(i.HAL_RCC_MCOConfig)
    i.HAL_RCC_OscConfig                      0x08002238   Section        0  stm32f3xx_hal_rcc_ex.o(i.HAL_RCC_OscConfig)
    i.HAL_SYSTICK_CLKSourceConfig            0x08002aac   Section        0  stm32f3xx_hal_cortex.o(i.HAL_SYSTICK_CLKSourceConfig)
    i.HAL_SYSTICK_Callback                   0x08002ac8   Section        0  stm32f3xx_hal_cortex.o(i.HAL_SYSTICK_Callback)
    i.HAL_SYSTICK_Config                     0x08002acc   Section        0  stm32f3xx_hal_cortex.o(i.HAL_SYSTICK_Config)
    i.HAL_SYSTICK_IRQHandler                 0x08002af4   Section        0  stm32f3xx_hal_cortex.o(i.HAL_SYSTICK_IRQHandler)
    i.HAL_TIMEx_BreakCallback                0x08002afc   Section        0  stm32f3xx_hal_tim_ex.o(i.HAL_TIMEx_BreakCallback)
    i.HAL_TIMEx_CommutationCallback          0x08002afe   Section        0  stm32f3xx_hal_tim_ex.o(i.HAL_TIMEx_CommutationCallback)
    i.HAL_TIMEx_MasterConfigSynchronization  0x08002b00   Section        0  stm32f3xx_hal_tim_ex.o(i.HAL_TIMEx_MasterConfigSynchronization)
    i.HAL_TIM_Base_Init                      0x08002b54   Section        0  stm32f3xx_hal_tim.o(i.HAL_TIM_Base_Init)
    i.HAL_TIM_Base_MspInit                   0x08002b88   Section        0  tim.o(i.HAL_TIM_Base_MspInit)
    i.HAL_TIM_Base_Start_IT                  0x08002bbc   Section        0  stm32f3xx_hal_tim.o(i.HAL_TIM_Base_Start_IT)
    i.HAL_TIM_ConfigClockSource              0x08002bd4   Section        0  stm32f3xx_hal_tim.o(i.HAL_TIM_ConfigClockSource)
    i.HAL_TIM_IC_CaptureCallback             0x08002cf0   Section        0  stm32f3xx_hal_tim.o(i.HAL_TIM_IC_CaptureCallback)
    i.HAL_TIM_IRQHandler                     0x08002cf2   Section        0  stm32f3xx_hal_tim.o(i.HAL_TIM_IRQHandler)
    i.HAL_TIM_OC_DelayElapsedCallback        0x08002e66   Section        0  stm32f3xx_hal_tim.o(i.HAL_TIM_OC_DelayElapsedCallback)
    i.HAL_TIM_PWM_PulseFinishedCallback      0x08002e68   Section        0  stm32f3xx_hal_tim.o(i.HAL_TIM_PWM_PulseFinishedCallback)
    i.HAL_TIM_PeriodElapsedCallback          0x08002e70   Section        0  itcallback.o(i.HAL_TIM_PeriodElapsedCallback)
    i.HAL_TIM_TriggerCallback                0x08002ff0   Section        0  stm32f3xx_hal_tim.o(i.HAL_TIM_TriggerCallback)
    i.HAL_UART_ErrorCallback                 0x08002ff2   Section        0  stm32f3xx_hal_uart.o(i.HAL_UART_ErrorCallback)
    i.HAL_UART_IRQHandler                    0x08002ff4   Section        0  stm32f3xx_hal_uart.o(i.HAL_UART_IRQHandler)
    i.HAL_UART_Init                          0x08003118   Section        0  stm32f3xx_hal_uart.o(i.HAL_UART_Init)
    i.HAL_UART_MspInit                       0x08003184   Section        0  usart.o(i.HAL_UART_MspInit)
    i.HAL_UART_Receive_IT                    0x08003204   Section        0  stm32f3xx_hal_uart.o(i.HAL_UART_Receive_IT)
    i.HAL_UART_RxCpltCallback                0x080032c8   Section        0  uartcallback.o(i.HAL_UART_RxCpltCallback)
    i.HAL_UART_Transmit_DMA                  0x08003334   Section        0  stm32f3xx_hal_uart.o(i.HAL_UART_Transmit_DMA)
    i.HAL_UART_TxCpltCallback                0x080033d0   Section        0  uartcallback.o(i.HAL_UART_TxCpltCallback)
    i.HAL_UART_TxHalfCpltCallback            0x080033d2   Section        0  stm32f3xx_hal_uart.o(i.HAL_UART_TxHalfCpltCallback)
    i.HAL_UART_WakeupCallback                0x080033d4   Section        0  stm32f3xx_hal_uart.o(i.HAL_UART_WakeupCallback)
    i.HRTIM_ForceRegistersUpdate             0x080033d6   Section        0  stm32f3xx_hal_hrtim.o(i.HRTIM_ForceRegistersUpdate)
    HRTIM_ForceRegistersUpdate               0x080033d7   Thumb Code   110  stm32f3xx_hal_hrtim.o(i.HRTIM_ForceRegistersUpdate)
    i.HRTIM_MasterBase_Config                0x08003444   Section        0  stm32f3xx_hal_hrtim.o(i.HRTIM_MasterBase_Config)
    HRTIM_MasterBase_Config                  0x08003445   Thumb Code    44  stm32f3xx_hal_hrtim.o(i.HRTIM_MasterBase_Config)
    i.HRTIM_MasterWaveform_Config            0x08003470   Section        0  stm32f3xx_hal_hrtim.o(i.HRTIM_MasterWaveform_Config)
    HRTIM_MasterWaveform_Config              0x08003471   Thumb Code   104  stm32f3xx_hal_hrtim.o(i.HRTIM_MasterWaveform_Config)
    i.HRTIM_OutputConfig                     0x080034d8   Section        0  stm32f3xx_hal_hrtim.o(i.HRTIM_OutputConfig)
    HRTIM_OutputConfig                       0x080034d9   Thumb Code   230  stm32f3xx_hal_hrtim.o(i.HRTIM_OutputConfig)
    i.HRTIM_TimingUnitBase_Config            0x080035be   Section        0  stm32f3xx_hal_hrtim.o(i.HRTIM_TimingUnitBase_Config)
    HRTIM_TimingUnitBase_Config              0x080035bf   Thumb Code    68  stm32f3xx_hal_hrtim.o(i.HRTIM_TimingUnitBase_Config)
    i.HRTIM_TimingUnitWaveform_Config        0x08003602   Section        0  stm32f3xx_hal_hrtim.o(i.HRTIM_TimingUnitWaveform_Config)
    HRTIM_TimingUnitWaveform_Config          0x08003603   Thumb Code   364  stm32f3xx_hal_hrtim.o(i.HRTIM_TimingUnitWaveform_Config)
    i.MX_ADC1_Init                           0x08003770   Section        0  adc.o(i.MX_ADC1_Init)
    i.MX_ADC2_Init                           0x080037c8   Section        0  adc.o(i.MX_ADC2_Init)
    i.MX_DAC1_Init                           0x08003820   Section        0  dac.o(i.MX_DAC1_Init)
    i.MX_DMA_Init                            0x0800385c   Section        0  dma.o(i.MX_DMA_Init)
    i.MX_GPIO_Init                           0x080038a0   Section        0  gpio.o(i.MX_GPIO_Init)
    i.MX_HRTIM1_Init                         0x08003938   Section        0  hrtim.o(i.MX_HRTIM1_Init)
    i.MX_IWDG_Init                           0x08003ac0   Section        0  iwdg.o(i.MX_IWDG_Init)
    i.MX_TIM1_Init                           0x08003ae0   Section        0  tim.o(i.MX_TIM1_Init)
    i.MX_USART2_UART_Init                    0x08003b28   Section        0  usart.o(i.MX_USART2_UART_Init)
    i.Pixel_reset                            0x08003b58   Section        0  sensortiming.o(i.Pixel_reset)
    i.Pixel_sample                           0x08003b84   Section        0  sensortiming.o(i.Pixel_sample)
    i.Pixel_trig                             0x08003bb0   Section        0  sensortiming.o(i.Pixel_trig)
    i.SysTick_Handler                        0x08003bd6   Section        0  stm32f3xx_it.o(i.SysTick_Handler)
    i.SystemClock_Config                     0x08003be4   Section        0  main.o(i.SystemClock_Config)
    i.SystemInit                             0x08003c68   Section        0  system_stm32f3xx.o(i.SystemInit)
    i.TIM1_UP_TIM16_IRQHandler               0x08003cd0   Section        0  stm32f3xx_it.o(i.TIM1_UP_TIM16_IRQHandler)
    i.TIM_Base_SetConfig                     0x08003cdc   Section        0  stm32f3xx_hal_tim.o(i.TIM_Base_SetConfig)
    i.TIM_ETR_SetConfig                      0x08003d64   Section        0  stm32f3xx_hal_tim.o(i.TIM_ETR_SetConfig)
    i.TIM_ITRx_SetConfig                     0x08003d7a   Section        0  stm32f3xx_hal_tim.o(i.TIM_ITRx_SetConfig)
    TIM_ITRx_SetConfig                       0x08003d7b   Thumb Code    16  stm32f3xx_hal_tim.o(i.TIM_ITRx_SetConfig)
    i.TIM_TI1_ConfigInputStage               0x08003d8a   Section        0  stm32f3xx_hal_tim.o(i.TIM_TI1_ConfigInputStage)
    TIM_TI1_ConfigInputStage                 0x08003d8b   Thumb Code    38  stm32f3xx_hal_tim.o(i.TIM_TI1_ConfigInputStage)
    i.TIM_TI2_ConfigInputStage               0x08003db0   Section        0  stm32f3xx_hal_tim.o(i.TIM_TI2_ConfigInputStage)
    TIM_TI2_ConfigInputStage                 0x08003db1   Thumb Code    36  stm32f3xx_hal_tim.o(i.TIM_TI2_ConfigInputStage)
    i.UART_AdvFeatureConfig                  0x08003dd4   Section        0  stm32f3xx_hal_uart.o(i.UART_AdvFeatureConfig)
    i.UART_CheckIdleState                    0x08003eac   Section        0  stm32f3xx_hal_uart.o(i.UART_CheckIdleState)
    i.UART_DMAError                          0x08003f04   Section        0  stm32f3xx_hal_uart.o(i.UART_DMAError)
    UART_DMAError                            0x08003f05   Thumb Code    38  stm32f3xx_hal_uart.o(i.UART_DMAError)
    i.UART_DMATransmitCplt                   0x08003f2a   Section        0  stm32f3xx_hal_uart.o(i.UART_DMATransmitCplt)
    UART_DMATransmitCplt                     0x08003f2b   Thumb Code    80  stm32f3xx_hal_uart.o(i.UART_DMATransmitCplt)
    i.UART_DMATxHalfCplt                     0x08003f7a   Section        0  stm32f3xx_hal_uart.o(i.UART_DMATxHalfCplt)
    UART_DMATxHalfCplt                       0x08003f7b   Thumb Code    10  stm32f3xx_hal_uart.o(i.UART_DMATxHalfCplt)
    i.UART_EndTransmit_IT                    0x08003f84   Section        0  stm32f3xx_hal_uart.o(i.UART_EndTransmit_IT)
    UART_EndTransmit_IT                      0x08003f85   Thumb Code    52  stm32f3xx_hal_uart.o(i.UART_EndTransmit_IT)
    i.UART_Receive_IT                        0x08003fb8   Section        0  stm32f3xx_hal_uart.o(i.UART_Receive_IT)
    UART_Receive_IT                          0x08003fb9   Thumb Code   146  stm32f3xx_hal_uart.o(i.UART_Receive_IT)
    i.UART_SetConfig                         0x0800404c   Section        0  stm32f3xx_hal_uart.o(i.UART_SetConfig)
    i.UART_Transmit_IT                       0x0800422c   Section        0  stm32f3xx_hal_uart.o(i.UART_Transmit_IT)
    UART_Transmit_IT                         0x0800422d   Thumb Code   106  stm32f3xx_hal_uart.o(i.UART_Transmit_IT)
    i.UART_WaitOnFlagUntilTimeout            0x08004296   Section        0  stm32f3xx_hal_uart.o(i.UART_WaitOnFlagUntilTimeout)
    i.USART2_IRQHandler                      0x08004378   Section        0  stm32f3xx_it.o(i.USART2_IRQHandler)
    i.__scatterload_copy                     0x08004384   Section       14  handlers.o(i.__scatterload_copy)
    i.__scatterload_null                     0x08004392   Section        2  handlers.o(i.__scatterload_null)
    i.__scatterload_zeroinit                 0x08004394   Section       14  handlers.o(i.__scatterload_zeroinit)
    i.main                                   0x080043a8   Section        0  main.o(i.main)
    .constdata                               0x08004618   Section       32  stm32f3xx_hal_rcc_ex.o(.constdata)
    .constdata                               0x08004638   Section       16  stm32f3xx_hal_rcc.o(.constdata)
    .data                                    0x20000000   Section       20  system_stm32f3xx.o(.data)
    .data                                    0x20000014   Section        4  adc.o(.data)
    ADC12_CLK_ENABLED                        0x20000014   Data           4  adc.o(.data)
    .data                                    0x20000018   Section        4  main.o(.data)
    .data                                    0x2000001c   Section        4  main.o(.data)
    .data                                    0x20000020   Section       20  main.o(.data)
    .data                                    0x20000034   Section       28  itcallback.o(.data)
    FRAMECOUNT                               0x20000038   Data           4  itcallback.o(.data)
    Pulse_to_calcu                           0x2000003c   Data          20  itcallback.o(.data)
    .data                                    0x20000050   Section        4  stm32f3xx_hal.o(.data)
    uwTick                                   0x20000050   Data           4  stm32f3xx_hal.o(.data)
    .bss                                     0x20000054   Section      164  usart.o(.bss)
    .bss                                     0x200000f8   Section      264  adc.o(.bss)
    .bss                                     0x20000200   Section      220  hrtim.o(.bss)
    .bss                                     0x200002dc   Section     3300  main.o(.bss)
    .bss                                     0x20000fc0   Section      548  main.o(.bss)
    .bss                                     0x200011e4   Section       20  dac.o(.bss)
    .bss                                     0x200011f8   Section       60  tim.o(.bss)
    .bss                                     0x20001234   Section      544  itcallback.o(.bss)
    Cover_data                               0x20001234   Data         544  itcallback.o(.bss)
    .bss                                     0x20001454   Section       20  iwdg.o(.bss)
    STACK                                    0x20001468   Section     1024  startup_stm32f334x8.o(STACK)

    Global Symbols

    Symbol Name                              Value     Ov Type        Size  Object(Section)

    BuildAttributes$$THM_ISAv4$E$P$D$K$B$S$7EM$VFPi3$EXTD16$VFPS$VFMA$PE$A:L22UL41UL21$X:L11$S22US41US21$IEEE1$IW$USESV6$~STKCKD$USESV7$~SHL$OTIME$ROPI$EBA8$MICROLIB$REQ8$PRES8$EABIv2 0x00000000   Number         0  anon$$obj.o ABSOLUTE
    __ARM_use_no_argv                        0x00000000   Number         0  main.o ABSOLUTE
    __cpp_initialize__aeabi_                  - Undefined Weak Reference
    __cxa_finalize                            - Undefined Weak Reference
    __decompress                              - Undefined Weak Reference
    _clock_init                               - Undefined Weak Reference
    _microlib_exit                            - Undefined Weak Reference
    __Vectors_Size                           0x00000188   Number         0  startup_stm32f334x8.o ABSOLUTE
    __Vectors                                0x08000000   Data           4  startup_stm32f334x8.o(RESET)
    __Vectors_End                            0x08000188   Data           0  startup_stm32f334x8.o(RESET)
    __main                                   0x08000189   Thumb Code     0  entry.o(.ARM.Collect$$$$00000000)
    _main_stk                                0x08000189   Thumb Code     0  entry2.o(.ARM.Collect$$$$00000001)
    _main_scatterload                        0x0800018d   Thumb Code     0  entry5.o(.ARM.Collect$$$$00000004)
    __main_after_scatterload                 0x08000191   Thumb Code     0  entry5.o(.ARM.Collect$$$$00000004)
    _main_clock                              0x08000191   Thumb Code     0  entry7b.o(.ARM.Collect$$$$00000008)
    _main_cpp_init                           0x08000191   Thumb Code     0  entry8b.o(.ARM.Collect$$$$0000000A)
    _main_init                               0x08000191   Thumb Code     0  entry9a.o(.ARM.Collect$$$$0000000B)
    __rt_final_cpp                           0x08000199   Thumb Code     0  entry10a.o(.ARM.Collect$$$$0000000D)
    __rt_final_exit                          0x08000199   Thumb Code     0  entry11a.o(.ARM.Collect$$$$0000000F)
    Reset_Handler                            0x0800019d   Thumb Code     8  startup_stm32f334x8.o(.text)
    NMI_Handler                              0x080001a5   Thumb Code     2  startup_stm32f334x8.o(.text)
    HardFault_Handler                        0x080001a7   Thumb Code     2  startup_stm32f334x8.o(.text)
    MemManage_Handler                        0x080001a9   Thumb Code     2  startup_stm32f334x8.o(.text)
    BusFault_Handler                         0x080001ab   Thumb Code     2  startup_stm32f334x8.o(.text)
    UsageFault_Handler                       0x080001ad   Thumb Code     2  startup_stm32f334x8.o(.text)
    SVC_Handler                              0x080001af   Thumb Code     2  startup_stm32f334x8.o(.text)
    DebugMon_Handler                         0x080001b1   Thumb Code     2  startup_stm32f334x8.o(.text)
    PendSV_Handler                           0x080001b3   Thumb Code     2  startup_stm32f334x8.o(.text)
    ADC1_2_IRQHandler                        0x080001b7   Thumb Code     0  startup_stm32f334x8.o(.text)
    CAN_RX0_IRQHandler                       0x080001b7   Thumb Code     0  startup_stm32f334x8.o(.text)
    CAN_RX1_IRQHandler                       0x080001b7   Thumb Code     0  startup_stm32f334x8.o(.text)
    CAN_SCE_IRQHandler                       0x080001b7   Thumb Code     0  startup_stm32f334x8.o(.text)
    CAN_TX_IRQHandler                        0x080001b7   Thumb Code     0  startup_stm32f334x8.o(.text)
    COMP2_IRQHandler                         0x080001b7   Thumb Code     0  startup_stm32f334x8.o(.text)
    COMP4_6_IRQHandler                       0x080001b7   Thumb Code     0  startup_stm32f334x8.o(.text)
    DMA1_Channel3_IRQHandler                 0x080001b7   Thumb Code     0  startup_stm32f334x8.o(.text)
    DMA1_Channel4_IRQHandler                 0x080001b7   Thumb Code     0  startup_stm32f334x8.o(.text)
    DMA1_Channel5_IRQHandler                 0x080001b7   Thumb Code     0  startup_stm32f334x8.o(.text)
    DMA1_Channel6_IRQHandler                 0x080001b7   Thumb Code     0  startup_stm32f334x8.o(.text)
    EXTI0_IRQHandler                         0x080001b7   Thumb Code     0  startup_stm32f334x8.o(.text)
    EXTI15_10_IRQHandler                     0x080001b7   Thumb Code     0  startup_stm32f334x8.o(.text)
    EXTI1_IRQHandler                         0x080001b7   Thumb Code     0  startup_stm32f334x8.o(.text)
    EXTI2_TSC_IRQHandler                     0x080001b7   Thumb Code     0  startup_stm32f334x8.o(.text)
    EXTI3_IRQHandler                         0x080001b7   Thumb Code     0  startup_stm32f334x8.o(.text)
    EXTI4_IRQHandler                         0x080001b7   Thumb Code     0  startup_stm32f334x8.o(.text)
    EXTI9_5_IRQHandler                       0x080001b7   Thumb Code     0  startup_stm32f334x8.o(.text)
    FLASH_IRQHandler                         0x080001b7   Thumb Code     0  startup_stm32f334x8.o(.text)
    FPU_IRQHandler                           0x080001b7   Thumb Code     0  startup_stm32f334x8.o(.text)
    HRTIM1_FLT_IRQHandler                    0x080001b7   Thumb Code     0  startup_stm32f334x8.o(.text)
    HRTIM1_Master_IRQHandler                 0x080001b7   Thumb Code     0  startup_stm32f334x8.o(.text)
    HRTIM1_TIMA_IRQHandler                   0x080001b7   Thumb Code     0  startup_stm32f334x8.o(.text)
    HRTIM1_TIMB_IRQHandler                   0x080001b7   Thumb Code     0  startup_stm32f334x8.o(.text)
    HRTIM1_TIMC_IRQHandler                   0x080001b7   Thumb Code     0  startup_stm32f334x8.o(.text)
    HRTIM1_TIMD_IRQHandler                   0x080001b7   Thumb Code     0  startup_stm32f334x8.o(.text)
    HRTIM1_TIME_IRQHandler                   0x080001b7   Thumb Code     0  startup_stm32f334x8.o(.text)
    I2C1_ER_IRQHandler                       0x080001b7   Thumb Code     0  startup_stm32f334x8.o(.text)
    I2C1_EV_IRQHandler                       0x080001b7   Thumb Code     0  startup_stm32f334x8.o(.text)
    PVD_IRQHandler                           0x080001b7   Thumb Code     0  startup_stm32f334x8.o(.text)
    RCC_IRQHandler                           0x080001b7   Thumb Code     0  startup_stm32f334x8.o(.text)
    RTC_Alarm_IRQHandler                     0x080001b7   Thumb Code     0  startup_stm32f334x8.o(.text)
    RTC_WKUP_IRQHandler                      0x080001b7   Thumb Code     0  startup_stm32f334x8.o(.text)
    SPI1_IRQHandler                          0x080001b7   Thumb Code     0  startup_stm32f334x8.o(.text)
    TAMP_STAMP_IRQHandler                    0x080001b7   Thumb Code     0  startup_stm32f334x8.o(.text)
    TIM1_BRK_TIM15_IRQHandler                0x080001b7   Thumb Code     0  startup_stm32f334x8.o(.text)
    TIM1_CC_IRQHandler                       0x080001b7   Thumb Code     0  startup_stm32f334x8.o(.text)
    TIM1_TRG_COM_TIM17_IRQHandler            0x080001b7   Thumb Code     0  startup_stm32f334x8.o(.text)
    TIM2_IRQHandler                          0x080001b7   Thumb Code     0  startup_stm32f334x8.o(.text)
    TIM3_IRQHandler                          0x080001b7   Thumb Code     0  startup_stm32f334x8.o(.text)
    TIM6_DAC1_IRQHandler                     0x080001b7   Thumb Code     0  startup_stm32f334x8.o(.text)
    TIM7_DAC2_IRQHandler                     0x080001b7   Thumb Code     0  startup_stm32f334x8.o(.text)
    USART1_IRQHandler                        0x080001b7   Thumb Code     0  startup_stm32f334x8.o(.text)
    USART3_IRQHandler                        0x080001b7   Thumb Code     0  startup_stm32f334x8.o(.text)
    WWDG_IRQHandler                          0x080001b7   Thumb Code     0  startup_stm32f334x8.o(.text)
    __aeabi_llsr                             0x080001c1   Thumb Code    32  llushr.o(.text)
    _ll_ushift_r                             0x080001c1   Thumb Code     0  llushr.o(.text)
    __aeabi_memcpy                           0x080001e1   Thumb Code    36  memcpya.o(.text)
    __aeabi_memcpy4                          0x080001e1   Thumb Code     0  memcpya.o(.text)
    __aeabi_memcpy8                          0x080001e1   Thumb Code     0  memcpya.o(.text)
    __aeabi_dmul                             0x08000205   Thumb Code   228  dmul.o(.text)
    __aeabi_i2d                              0x080002e9   Thumb Code    34  dflti.o(.text)
    __aeabi_f2d                              0x0800030b   Thumb Code    38  f2d.o(.text)
    __aeabi_d2f                              0x08000331   Thumb Code    56  d2f.o(.text)
    __I$use$fp                               0x08000369   Thumb Code     0  iusefp.o(.text)
    _float_round                             0x08000369   Thumb Code    18  fepilogue.o(.text)
    _float_epilogue                          0x0800037b   Thumb Code    92  fepilogue.o(.text)
    _double_round                            0x080003d7   Thumb Code    30  depilogue.o(.text)
    _double_epilogue                         0x080003f5   Thumb Code   156  depilogue.o(.text)
    __scatterload                            0x08000491   Thumb Code    28  init.o(.text)
    __scatterload_rt2                        0x08000491   Thumb Code     0  init.o(.text)
    __aeabi_llsl                             0x080004b5   Thumb Code    30  llshl.o(.text)
    _ll_shift_l                              0x080004b5   Thumb Code     0  llshl.o(.text)
    DMA1_Channel1_IRQHandler                 0x08000605   Thumb Code     6  stm32f3xx_it.o(i.DMA1_Channel1_IRQHandler)
    DMA1_Channel2_IRQHandler                 0x08000611   Thumb Code     6  stm32f3xx_it.o(i.DMA1_Channel2_IRQHandler)
    DMA1_Channel7_IRQHandler                 0x0800061d   Thumb Code     6  stm32f3xx_it.o(i.DMA1_Channel7_IRQHandler)
    Delay250ns                               0x0800064b   Thumb Code    52  serverfunc.o(i.Delay250ns)
    DelayUs                                  0x0800067f   Thumb Code    52  serverfunc.o(i.DelayUs)
    HAL_ADCEx_Calibration_Start              0x080006b3   Thumb Code   146  stm32f3xx_hal_adc_ex.o(i.HAL_ADCEx_Calibration_Start)
    HAL_ADC_ConfigChannel                    0x08000745   Thumb Code   946  stm32f3xx_hal_adc_ex.o(i.HAL_ADC_ConfigChannel)
    HAL_ADC_ConvCpltCallback                 0x08000b05   Thumb Code     2  itcallback.o(i.HAL_ADC_ConvCpltCallback)
    HAL_ADC_ConvHalfCpltCallback             0x08000b07   Thumb Code     2  itcallback.o(i.HAL_ADC_ConvHalfCpltCallback)
    HAL_ADC_ErrorCallback                    0x08000b09   Thumb Code    14  itcallback.o(i.HAL_ADC_ErrorCallback)
    HAL_ADC_Init                             0x08000b1d   Thumb Code   400  stm32f3xx_hal_adc_ex.o(i.HAL_ADC_Init)
    HAL_ADC_MspInit                          0x08000cb9   Thumb Code   218  adc.o(i.HAL_ADC_MspInit)
    HAL_ADC_Start_DMA                        0x08000dad   Thumb Code   164  stm32f3xx_hal_adc_ex.o(i.HAL_ADC_Start_DMA)
    HAL_DAC_ConfigChannel                    0x08000e61   Thumb Code    82  stm32f3xx_hal_dac.o(i.HAL_DAC_ConfigChannel)
    HAL_DAC_Init                             0x08000eb3   Thumb Code    40  stm32f3xx_hal_dac.o(i.HAL_DAC_Init)
    HAL_DAC_MspInit                          0x08000edd   Thumb Code    52  dac.o(i.HAL_DAC_MspInit)
    HAL_DAC_SetValue                         0x08000f15   Thumb Code    38  stm32f3xx_hal_dac_ex.o(i.HAL_DAC_SetValue)
    HAL_DAC_Start                            0x08000f3b   Thumb Code   118  stm32f3xx_hal_dac_ex.o(i.HAL_DAC_Start)
    HAL_DMA_IRQHandler                       0x08000fb1   Thumb Code   594  stm32f3xx_hal_dma.o(i.HAL_DMA_IRQHandler)
    HAL_DMA_Init                             0x08001221   Thumb Code    94  stm32f3xx_hal_dma.o(i.HAL_DMA_Init)
    HAL_DMA_Start_IT                         0x0800127f   Thumb Code    92  stm32f3xx_hal_dma.o(i.HAL_DMA_Start_IT)
    HAL_Delay                                0x080012db   Thumb Code    22  stm32f3xx_hal.o(i.HAL_Delay)
    HAL_GPIO_Init                            0x080012f1   Thumb Code   458  stm32f3xx_hal_gpio.o(i.HAL_GPIO_Init)
    HAL_GPIO_WritePin                        0x080014cd   Thumb Code    12  stm32f3xx_hal_gpio.o(i.HAL_GPIO_WritePin)
    HAL_GetTick                              0x080014d9   Thumb Code     6  stm32f3xx_hal.o(i.HAL_GetTick)
    HAL_HRTIM_DLLCalibrationStart            0x080014e5   Thumb Code    64  stm32f3xx_hal_hrtim.o(i.HAL_HRTIM_DLLCalibrationStart)
    HAL_HRTIM_Init                           0x08001525   Thumb Code   180  stm32f3xx_hal_hrtim.o(i.HAL_HRTIM_Init)
    HAL_HRTIM_MspInit                        0x080015dd   Thumb Code    24  hrtim.o(i.HAL_HRTIM_MspInit)
    HAL_HRTIM_MspPostInit                    0x080015f9   Thumb Code    72  hrtim.o(i.HAL_HRTIM_MspPostInit)
    HAL_HRTIM_PollForDLLCalibration          0x08001645   Thumb Code    78  stm32f3xx_hal_hrtim.o(i.HAL_HRTIM_PollForDLLCalibration)
    HAL_HRTIM_SoftwareReset                  0x08001693   Thumb Code    56  stm32f3xx_hal_hrtim.o(i.HAL_HRTIM_SoftwareReset)
    HAL_HRTIM_TimeBaseConfig                 0x080016cb   Thumb Code    52  stm32f3xx_hal_hrtim.o(i.HAL_HRTIM_TimeBaseConfig)
    HAL_HRTIM_WaveformCompareConfig          0x080016ff   Thumb Code   338  stm32f3xx_hal_hrtim.o(i.HAL_HRTIM_WaveformCompareConfig)
    HAL_HRTIM_WaveformCounterStart           0x08001851   Thumb Code    50  stm32f3xx_hal_hrtim.o(i.HAL_HRTIM_WaveformCounterStart)
    HAL_HRTIM_WaveformOutputConfig           0x08001883   Thumb Code    58  stm32f3xx_hal_hrtim.o(i.HAL_HRTIM_WaveformOutputConfig)
    HAL_HRTIM_WaveformOutputStart            0x080018bd   Thumb Code    52  stm32f3xx_hal_hrtim.o(i.HAL_HRTIM_WaveformOutputStart)
    HAL_HRTIM_WaveformTimerConfig            0x080018f1   Thumb Code   124  stm32f3xx_hal_hrtim.o(i.HAL_HRTIM_WaveformTimerConfig)
    HAL_IWDG_Init                            0x0800196d   Thumb Code   170  stm32f3xx_hal_iwdg.o(i.HAL_IWDG_Init)
    HAL_IWDG_MspInit                         0x08001a17   Thumb Code     2  iwdg.o(i.HAL_IWDG_MspInit)
    HAL_IWDG_Refresh                         0x08001a19   Thumb Code    96  stm32f3xx_hal_iwdg.o(i.HAL_IWDG_Refresh)
    HAL_IWDG_Start                           0x08001a79   Thumb Code   120  stm32f3xx_hal_iwdg.o(i.HAL_IWDG_Start)
    HAL_IncTick                              0x08001af1   Thumb Code    10  stm32f3xx_hal.o(i.HAL_IncTick)
    HAL_Init                                 0x08001b01   Thumb Code    32  stm32f3xx_hal.o(i.HAL_Init)
    HAL_InitTick                             0x08001b25   Thumb Code    34  stm32f3xx_hal.o(i.HAL_InitTick)
    HAL_MspInit                              0x08001b49   Thumb Code    32  stm32f3xx_hal_msp.o(i.HAL_MspInit)
    HAL_NVIC_EnableIRQ                       0x08001b6d   Thumb Code    24  stm32f3xx_hal_cortex.o(i.HAL_NVIC_EnableIRQ)
    HAL_NVIC_SetPriority                     0x08001b85   Thumb Code    98  stm32f3xx_hal_cortex.o(i.HAL_NVIC_SetPriority)
    HAL_NVIC_SetPriorityGrouping             0x08001bed   Thumb Code    30  stm32f3xx_hal_cortex.o(i.HAL_NVIC_SetPriorityGrouping)
    HAL_RCCEx_PeriphCLKConfig                0x08001c11   Thumb Code   438  stm32f3xx_hal_rcc_ex.o(i.HAL_RCCEx_PeriphCLKConfig)
    HAL_RCC_ClockConfig                      0x08001dd5   Thumb Code   790  stm32f3xx_hal_rcc.o(i.HAL_RCC_ClockConfig)
    HAL_RCC_GetHCLKFreq                      0x080020f5   Thumb Code    38  stm32f3xx_hal_rcc.o(i.HAL_RCC_GetHCLKFreq)
    HAL_RCC_GetPCLK1Freq                     0x08002129   Thumb Code    36  stm32f3xx_hal_rcc.o(i.HAL_RCC_GetPCLK1Freq)
    HAL_RCC_GetPCLK2Freq                     0x08002155   Thumb Code    36  stm32f3xx_hal_rcc.o(i.HAL_RCC_GetPCLK2Freq)
    HAL_RCC_GetSysClockFreq                  0x08002181   Thumb Code    96  stm32f3xx_hal_rcc_ex.o(i.HAL_RCC_GetSysClockFreq)
    HAL_RCC_MCOConfig                        0x080021f5   Thumb Code    64  stm32f3xx_hal_rcc.o(i.HAL_RCC_MCOConfig)
    HAL_RCC_OscConfig                        0x08002239   Thumb Code  2160  stm32f3xx_hal_rcc_ex.o(i.HAL_RCC_OscConfig)
    HAL_SYSTICK_CLKSourceConfig              0x08002aad   Thumb Code    28  stm32f3xx_hal_cortex.o(i.HAL_SYSTICK_CLKSourceConfig)
    HAL_SYSTICK_Callback                     0x08002ac9   Thumb Code     2  stm32f3xx_hal_cortex.o(i.HAL_SYSTICK_Callback)
    HAL_SYSTICK_Config                       0x08002acd   Thumb Code    36  stm32f3xx_hal_cortex.o(i.HAL_SYSTICK_Config)
    HAL_SYSTICK_IRQHandler                   0x08002af5   Thumb Code     8  stm32f3xx_hal_cortex.o(i.HAL_SYSTICK_IRQHandler)
    HAL_TIMEx_BreakCallback                  0x08002afd   Thumb Code     2  stm32f3xx_hal_tim_ex.o(i.HAL_TIMEx_BreakCallback)
    HAL_TIMEx_CommutationCallback            0x08002aff   Thumb Code     2  stm32f3xx_hal_tim_ex.o(i.HAL_TIMEx_CommutationCallback)
    HAL_TIMEx_MasterConfigSynchronization    0x08002b01   Thumb Code    84  stm32f3xx_hal_tim_ex.o(i.HAL_TIMEx_MasterConfigSynchronization)
    HAL_TIM_Base_Init                        0x08002b55   Thumb Code    50  stm32f3xx_hal_tim.o(i.HAL_TIM_Base_Init)
    HAL_TIM_Base_MspInit                     0x08002b89   Thumb Code    46  tim.o(i.HAL_TIM_Base_MspInit)
    HAL_TIM_Base_Start_IT                    0x08002bbd   Thumb Code    24  stm32f3xx_hal_tim.o(i.HAL_TIM_Base_Start_IT)
    HAL_TIM_ConfigClockSource                0x08002bd5   Thumb Code   284  stm32f3xx_hal_tim.o(i.HAL_TIM_ConfigClockSource)
    HAL_TIM_IC_CaptureCallback               0x08002cf1   Thumb Code     2  stm32f3xx_hal_tim.o(i.HAL_TIM_IC_CaptureCallback)
    HAL_TIM_IRQHandler                       0x08002cf3   Thumb Code   372  stm32f3xx_hal_tim.o(i.HAL_TIM_IRQHandler)
    HAL_TIM_OC_DelayElapsedCallback          0x08002e67   Thumb Code     2  stm32f3xx_hal_tim.o(i.HAL_TIM_OC_DelayElapsedCallback)
    HAL_TIM_PWM_PulseFinishedCallback        0x08002e69   Thumb Code     2  stm32f3xx_hal_tim.o(i.HAL_TIM_PWM_PulseFinishedCallback)
    HAL_TIM_PeriodElapsedCallback            0x08002e71   Thumb Code   298  itcallback.o(i.HAL_TIM_PeriodElapsedCallback)
    HAL_TIM_TriggerCallback                  0x08002ff1   Thumb Code     2  stm32f3xx_hal_tim.o(i.HAL_TIM_TriggerCallback)
    HAL_UART_ErrorCallback                   0x08002ff3   Thumb Code     2  stm32f3xx_hal_uart.o(i.HAL_UART_ErrorCallback)
    HAL_UART_IRQHandler                      0x08002ff5   Thumb Code   292  stm32f3xx_hal_uart.o(i.HAL_UART_IRQHandler)
    HAL_UART_Init                            0x08003119   Thumb Code   106  stm32f3xx_hal_uart.o(i.HAL_UART_Init)
    HAL_UART_MspInit                         0x08003185   Thumb Code   116  usart.o(i.HAL_UART_MspInit)
    HAL_UART_Receive_IT                      0x08003205   Thumb Code   194  stm32f3xx_hal_uart.o(i.HAL_UART_Receive_IT)
    HAL_UART_RxCpltCallback                  0x080032c9   Thumb Code    92  uartcallback.o(i.HAL_UART_RxCpltCallback)
    HAL_UART_Transmit_DMA                    0x08003335   Thumb Code   144  stm32f3xx_hal_uart.o(i.HAL_UART_Transmit_DMA)
    HAL_UART_TxCpltCallback                  0x080033d1   Thumb Code     2  uartcallback.o(i.HAL_UART_TxCpltCallback)
    HAL_UART_TxHalfCpltCallback              0x080033d3   Thumb Code     2  stm32f3xx_hal_uart.o(i.HAL_UART_TxHalfCpltCallback)
    HAL_UART_WakeupCallback                  0x080033d5   Thumb Code     2  stm32f3xx_hal_uart.o(i.HAL_UART_WakeupCallback)
    MX_ADC1_Init                             0x08003771   Thumb Code    82  adc.o(i.MX_ADC1_Init)
    MX_ADC2_Init                             0x080037c9   Thumb Code    80  adc.o(i.MX_ADC2_Init)
    MX_DAC1_Init                             0x08003821   Thumb Code    50  dac.o(i.MX_DAC1_Init)
    MX_DMA_Init                              0x0800385d   Thumb Code    64  dma.o(i.MX_DMA_Init)
    MX_GPIO_Init                             0x080038a1   Thumb Code   138  gpio.o(i.MX_GPIO_Init)
    MX_HRTIM1_Init                           0x08003939   Thumb Code   382  hrtim.o(i.MX_HRTIM1_Init)
    MX_IWDG_Init                             0x08003ac1   Thumb Code    22  iwdg.o(i.MX_IWDG_Init)
    MX_TIM1_Init                             0x08003ae1   Thumb Code    62  tim.o(i.MX_TIM1_Init)
    MX_USART2_UART_Init                      0x08003b29   Thumb Code    34  usart.o(i.MX_USART2_UART_Init)
    Pixel_reset                              0x08003b59   Thumb Code    44  sensortiming.o(i.Pixel_reset)
    Pixel_sample                             0x08003b85   Thumb Code    44  sensortiming.o(i.Pixel_sample)
    Pixel_trig                               0x08003bb1   Thumb Code    38  sensortiming.o(i.Pixel_trig)
    SysTick_Handler                          0x08003bd7   Thumb Code    14  stm32f3xx_it.o(i.SysTick_Handler)
    SystemClock_Config                       0x08003be5   Thumb Code   132  main.o(i.SystemClock_Config)
    SystemInit                               0x08003c69   Thumb Code    84  system_stm32f3xx.o(i.SystemInit)
    TIM1_UP_TIM16_IRQHandler                 0x08003cd1   Thumb Code     6  stm32f3xx_it.o(i.TIM1_UP_TIM16_IRQHandler)
    TIM_Base_SetConfig                       0x08003cdd   Thumb Code   114  stm32f3xx_hal_tim.o(i.TIM_Base_SetConfig)
    TIM_ETR_SetConfig                        0x08003d65   Thumb Code    22  stm32f3xx_hal_tim.o(i.TIM_ETR_SetConfig)
    UART_AdvFeatureConfig                    0x08003dd5   Thumb Code   216  stm32f3xx_hal_uart.o(i.UART_AdvFeatureConfig)
    UART_CheckIdleState                      0x08003ead   Thumb Code    88  stm32f3xx_hal_uart.o(i.UART_CheckIdleState)
    UART_SetConfig                           0x0800404d   Thumb Code   462  stm32f3xx_hal_uart.o(i.UART_SetConfig)
    UART_WaitOnFlagUntilTimeout              0x08004297   Thumb Code   226  stm32f3xx_hal_uart.o(i.UART_WaitOnFlagUntilTimeout)
    USART2_IRQHandler                        0x08004379   Thumb Code     6  stm32f3xx_it.o(i.USART2_IRQHandler)
    __scatterload_copy                       0x08004385   Thumb Code    14  handlers.o(i.__scatterload_copy)
    __scatterload_null                       0x08004393   Thumb Code     2  handlers.o(i.__scatterload_null)
    __scatterload_zeroinit                   0x08004395   Thumb Code    14  handlers.o(i.__scatterload_zeroinit)
    main                                     0x080043a9   Thumb Code   540  main.o(i.main)
    PLLMULFactorTable                        0x08004618   Data          16  stm32f3xx_hal_rcc_ex.o(.constdata)
    PredivFactorTable                        0x08004628   Data          16  stm32f3xx_hal_rcc_ex.o(.constdata)
    APBAHBPrescTable                         0x08004638   Data          16  stm32f3xx_hal_rcc.o(.constdata)
    Region$$Table$$Base                      0x08004648   Number         0  anon$$obj.o(Region$$Table)
    Region$$Table$$Limit                     0x08004668   Number         0  anon$$obj.o(Region$$Table)
    SystemCoreClock                          0x20000000   Data           4  system_stm32f3xx.o(.data)
    AHBPrescTable                            0x20000004   Data          16  system_stm32f3xx.o(.data)
    TIMERCOUNTER                             0x20000018   Data           4  main.o(.data)
    pulse_num                                0x2000001c   Data           4  main.o(.data)
    ADCStatus                                0x20000020   Data           1  main.o(.data)
    WORKINGStatus                            0x20000021   Data           1  main.o(.data)
    UART_RE_DATA                             0x20000022   Data           2  main.o(.data)
    SR                                       0x20000024   Data           4  main.o(.data)
    ambient_coef                             0x20000028   Data           4  main.o(.data)
    top                                      0x2000002c   Data           4  main.o(.data)
    bot                                      0x20000030   Data           4  main.o(.data)
    flag3                                    0x20000034   Data           1  itcallback.o(.data)
    huart2                                   0x20000054   Data         108  usart.o(.bss)
    hdma_usart2_tx                           0x200000c0   Data          56  usart.o(.bss)
    hadc1                                    0x200000f8   Data          76  adc.o(.bss)
    hadc2                                    0x20000144   Data          76  adc.o(.bss)
    hdma_adc1                                0x20000190   Data          56  adc.o(.bss)
    hdma_adc2                                0x200001c8   Data          56  adc.o(.bss)
    hhrtim1                                  0x20000200   Data         220  hrtim.o(.bss)
    ADC_DATABUFF_A                           0x200002dc   Data         544  main.o(.bss)
    ADC_DATABUFF_B                           0x200004fc   Data         544  main.o(.bss)
    ADC_RESET_A                              0x2000071c   Data         544  main.o(.bss)
    ADC_RESET_B                              0x2000093c   Data         544  main.o(.bss)
    poly                                     0x20000b5c   Data          28  main.o(.bss)
    TXRAWBUFF                                0x20000b78   Data        1096  main.o(.bss)
    DISTANCE_DATA                            0x20000fc0   Data         548  main.o(.bss)
    hdac1                                    0x200011e4   Data          20  dac.o(.bss)
    htim1                                    0x200011f8   Data          60  tim.o(.bss)
    hiwdg                                    0x20001454   Data          20  iwdg.o(.bss)
    __initial_sp                             0x20001868   Data           0  startup_stm32f334x8.o(STACK)



==============================================================================

Memory Map of the image

  Image Entry point : 0x08000189

  Load Region LR_IROM1 (Base: 0x08000000, Size: 0x000046bc, Max: 0x00010000, ABSOLUTE)

    Execution Region ER_IROM1 (Base: 0x08000000, Size: 0x00004668, Max: 0x00010000, ABSOLUTE)

    Base Addr    Size         Type   Attr      Idx    E Section Name        Object

    0x08000000   0x00000188   Data   RO         4166    RESET               startup_stm32f334x8.o
    0x08000188   0x00000000   Code   RO         4171  * .ARM.Collect$$$$00000000  mc_w.l(entry.o)
    0x08000188   0x00000004   Code   RO         4188    .ARM.Collect$$$$00000001  mc_w.l(entry2.o)
    0x0800018c   0x00000004   Code   RO         4191    .ARM.Collect$$$$00000004  mc_w.l(entry5.o)
    0x08000190   0x00000000   Code   RO         4193    .ARM.Collect$$$$00000008  mc_w.l(entry7b.o)
    0x08000190   0x00000000   Code   RO         4195    .ARM.Collect$$$$0000000A  mc_w.l(entry8b.o)
    0x08000190   0x00000008   Code   RO         4196    .ARM.Collect$$$$0000000B  mc_w.l(entry9a.o)
    0x08000198   0x00000000   Code   RO         4198    .ARM.Collect$$$$0000000D  mc_w.l(entry10a.o)
    0x08000198   0x00000000   Code   RO         4200    .ARM.Collect$$$$0000000F  mc_w.l(entry11a.o)
    0x08000198   0x00000004   Code   RO         4189    .ARM.Collect$$$$00002712  mc_w.l(entry2.o)
    0x0800019c   0x00000024   Code   RO         4167    .text               startup_stm32f334x8.o
    0x080001c0   0x00000020   Code   RO         4174    .text               mc_w.l(llushr.o)
    0x080001e0   0x00000024   Code   RO         4176    .text               mc_w.l(memcpya.o)
    0x08000204   0x000000e4   Code   RO         4180    .text               mf_w.l(dmul.o)
    0x080002e8   0x00000022   Code   RO         4182    .text               mf_w.l(dflti.o)
    0x0800030a   0x00000026   Code   RO         4184    .text               mf_w.l(f2d.o)
    0x08000330   0x00000038   Code   RO         4186    .text               mf_w.l(d2f.o)
    0x08000368   0x00000000   Code   RO         4202    .text               mc_w.l(iusefp.o)
    0x08000368   0x0000006e   Code   RO         4203    .text               mf_w.l(fepilogue.o)
    0x080003d6   0x000000ba   Code   RO         4205    .text               mf_w.l(depilogue.o)
    0x08000490   0x00000024   Code   RO         4207    .text               mc_w.l(init.o)
    0x080004b4   0x0000001e   Code   RO         4209    .text               mc_w.l(llshl.o)
    0x080004d2   0x0000002c   Code   RO         1595    i.ADC_DMAConvCplt   stm32f3xx_hal_adc_ex.o
    0x080004fe   0x00000014   Code   RO         1596    i.ADC_DMAError      stm32f3xx_hal_adc_ex.o
    0x08000512   0x00000006   Code   RO         1597    i.ADC_DMAHalfConvCplt  stm32f3xx_hal_adc_ex.o
    0x08000518   0x0000007a   Code   RO         1598    i.ADC_Disable       stm32f3xx_hal_adc_ex.o
    0x08000592   0x00000072   Code   RO         1599    i.ADC_Enable        stm32f3xx_hal_adc_ex.o
    0x08000604   0x0000000c   Code   RO          332    i.DMA1_Channel1_IRQHandler  stm32f3xx_it.o
    0x08000610   0x0000000c   Code   RO          333    i.DMA1_Channel2_IRQHandler  stm32f3xx_it.o
    0x0800061c   0x0000000c   Code   RO          334    i.DMA1_Channel7_IRQHandler  stm32f3xx_it.o
    0x08000628   0x00000022   Code   RO         2314    i.DMA_SetConfig     stm32f3xx_hal_dma.o
    0x0800064a   0x00000034   Code   RO          613    i.Delay250ns        serverfunc.o
    0x0800067e   0x00000034   Code   RO          614    i.DelayUs           serverfunc.o
    0x080006b2   0x00000092   Code   RO         1602    i.HAL_ADCEx_Calibration_Start  stm32f3xx_hal_adc_ex.o
    0x08000744   0x000003c0   Code   RO         1617    i.HAL_ADC_ConfigChannel  stm32f3xx_hal_adc_ex.o
    0x08000b04   0x00000002   Code   RO          533    i.HAL_ADC_ConvCpltCallback  itcallback.o
    0x08000b06   0x00000002   Code   RO          534    i.HAL_ADC_ConvHalfCpltCallback  itcallback.o
    0x08000b08   0x00000014   Code   RO          535    i.HAL_ADC_ErrorCallback  itcallback.o
    0x08000b1c   0x0000019c   Code   RO         1621    i.HAL_ADC_Init      stm32f3xx_hal_adc_ex.o
    0x08000cb8   0x000000f4   Code   RO          204    i.HAL_ADC_MspInit   adc.o
    0x08000dac   0x000000b4   Code   RO         1625    i.HAL_ADC_Start_DMA  stm32f3xx_hal_adc_ex.o
    0x08000e60   0x00000052   Code   RO          717    i.HAL_DAC_ConfigChannel  stm32f3xx_hal_dac.o
    0x08000eb2   0x00000028   Code   RO          726    i.HAL_DAC_Init      stm32f3xx_hal_dac.o
    0x08000eda   0x00000002   PAD
    0x08000edc   0x00000038   Code   RO          458    i.HAL_DAC_MspInit   dac.o
    0x08000f14   0x00000026   Code   RO         3117    i.HAL_DAC_SetValue  stm32f3xx_hal_dac_ex.o
    0x08000f3a   0x00000076   Code   RO         3118    i.HAL_DAC_Start     stm32f3xx_hal_dac_ex.o
    0x08000fb0   0x00000270   Code   RO         2319    i.HAL_DMA_IRQHandler  stm32f3xx_hal_dma.o
    0x08001220   0x0000005e   Code   RO         2320    i.HAL_DMA_Init      stm32f3xx_hal_dma.o
    0x0800127e   0x0000005c   Code   RO         2323    i.HAL_DMA_Start_IT  stm32f3xx_hal_dma.o
    0x080012da   0x00000016   Code   RO         2489    i.HAL_Delay         stm32f3xx_hal.o
    0x080012f0   0x000001dc   Code   RO         3042    i.HAL_GPIO_Init     stm32f3xx_hal_gpio.o
    0x080014cc   0x0000000c   Code   RO         3046    i.HAL_GPIO_WritePin  stm32f3xx_hal_gpio.o
    0x080014d8   0x0000000c   Code   RO         2499    i.HAL_GetTick       stm32f3xx_hal.o
    0x080014e4   0x00000040   Code   RO          855    i.HAL_HRTIM_DLLCalibrationStart  stm32f3xx_hal_hrtim.o
    0x08001524   0x000000b8   Code   RO          878    i.HAL_HRTIM_Init    stm32f3xx_hal_hrtim.o
    0x080015dc   0x0000001c   Code   RO          249    i.HAL_HRTIM_MspInit  hrtim.o
    0x080015f8   0x0000004c   Code   RO          250    i.HAL_HRTIM_MspPostInit  hrtim.o
    0x08001644   0x0000004e   Code   RO          885    i.HAL_HRTIM_PollForDLLCalibration  stm32f3xx_hal_hrtim.o
    0x08001692   0x00000038   Code   RO          921    i.HAL_HRTIM_SoftwareReset  stm32f3xx_hal_hrtim.o
    0x080016ca   0x00000034   Code   RO          925    i.HAL_HRTIM_TimeBaseConfig  stm32f3xx_hal_hrtim.o
    0x080016fe   0x00000152   Code   RO          930    i.HAL_HRTIM_WaveformCompareConfig  stm32f3xx_hal_hrtim.o
    0x08001850   0x00000032   Code   RO          931    i.HAL_HRTIM_WaveformCounterStart  stm32f3xx_hal_hrtim.o
    0x08001882   0x0000003a   Code   RO          939    i.HAL_HRTIM_WaveformOutputConfig  stm32f3xx_hal_hrtim.o
    0x080018bc   0x00000034   Code   RO          940    i.HAL_HRTIM_WaveformOutputStart  stm32f3xx_hal_hrtim.o
    0x080018f0   0x0000007c   Code   RO          943    i.HAL_HRTIM_WaveformTimerConfig  stm32f3xx_hal_hrtim.o
    0x0800196c   0x000000aa   Code   RO         4123    i.HAL_IWDG_Init     stm32f3xx_hal_iwdg.o
    0x08001a16   0x00000002   Code   RO          683    i.HAL_IWDG_MspInit  iwdg.o
    0x08001a18   0x00000060   Code   RO         4125    i.HAL_IWDG_Refresh  stm32f3xx_hal_iwdg.o
    0x08001a78   0x00000078   Code   RO         4126    i.HAL_IWDG_Start    stm32f3xx_hal_iwdg.o
    0x08001af0   0x00000010   Code   RO         2500    i.HAL_IncTick       stm32f3xx_hal.o
    0x08001b00   0x00000024   Code   RO         2501    i.HAL_Init          stm32f3xx_hal.o
    0x08001b24   0x00000022   Code   RO         2502    i.HAL_InitTick      stm32f3xx_hal.o
    0x08001b46   0x00000002   PAD
    0x08001b48   0x00000024   Code   RO          312    i.HAL_MspInit       stm32f3xx_hal_msp.o
    0x08001b6c   0x00000018   Code   RO         2620    i.HAL_NVIC_EnableIRQ  stm32f3xx_hal_cortex.o
    0x08001b84   0x00000068   Code   RO         2626    i.HAL_NVIC_SetPriority  stm32f3xx_hal_cortex.o
    0x08001bec   0x00000024   Code   RO         2627    i.HAL_NVIC_SetPriorityGrouping  stm32f3xx_hal_cortex.o
    0x08001c10   0x000001c4   Code   RO         1908    i.HAL_RCCEx_PeriphCLKConfig  stm32f3xx_hal_rcc_ex.o
    0x08001dd4   0x00000320   Code   RO         2388    i.HAL_RCC_ClockConfig  stm32f3xx_hal_rcc.o
    0x080020f4   0x00000034   Code   RO         2393    i.HAL_RCC_GetHCLKFreq  stm32f3xx_hal_rcc.o
    0x08002128   0x0000002c   Code   RO         2395    i.HAL_RCC_GetPCLK1Freq  stm32f3xx_hal_rcc.o
    0x08002154   0x0000002c   Code   RO         2396    i.HAL_RCC_GetPCLK2Freq  stm32f3xx_hal_rcc.o
    0x08002180   0x00000074   Code   RO         1910    i.HAL_RCC_GetSysClockFreq  stm32f3xx_hal_rcc_ex.o
    0x080021f4   0x00000044   Code   RO         2398    i.HAL_RCC_MCOConfig  stm32f3xx_hal_rcc.o
    0x08002238   0x00000874   Code   RO         1911    i.HAL_RCC_OscConfig  stm32f3xx_hal_rcc_ex.o
    0x08002aac   0x0000001c   Code   RO         2629    i.HAL_SYSTICK_CLKSourceConfig  stm32f3xx_hal_cortex.o
    0x08002ac8   0x00000002   Code   RO         2630    i.HAL_SYSTICK_Callback  stm32f3xx_hal_cortex.o
    0x08002aca   0x00000002   PAD
    0x08002acc   0x00000028   Code   RO         2631    i.HAL_SYSTICK_Config  stm32f3xx_hal_cortex.o
    0x08002af4   0x00000008   Code   RO         2632    i.HAL_SYSTICK_IRQHandler  stm32f3xx_hal_cortex.o
    0x08002afc   0x00000002   Code   RO         3223    i.HAL_TIMEx_BreakCallback  stm32f3xx_hal_tim_ex.o
    0x08002afe   0x00000002   Code   RO         3224    i.HAL_TIMEx_CommutationCallback  stm32f3xx_hal_tim_ex.o
    0x08002b00   0x00000054   Code   RO         3242    i.HAL_TIMEx_MasterConfigSynchronization  stm32f3xx_hal_tim_ex.o
    0x08002b54   0x00000032   Code   RO         3494    i.HAL_TIM_Base_Init  stm32f3xx_hal_tim.o
    0x08002b86   0x00000002   PAD
    0x08002b88   0x00000034   Code   RO          496    i.HAL_TIM_Base_MspInit  tim.o
    0x08002bbc   0x00000018   Code   RO         3499    i.HAL_TIM_Base_Start_IT  stm32f3xx_hal_tim.o
    0x08002bd4   0x0000011c   Code   RO         3503    i.HAL_TIM_ConfigClockSource  stm32f3xx_hal_tim.o
    0x08002cf0   0x00000002   Code   RO         3526    i.HAL_TIM_IC_CaptureCallback  stm32f3xx_hal_tim.o
    0x08002cf2   0x00000174   Code   RO         3539    i.HAL_TIM_IRQHandler  stm32f3xx_hal_tim.o
    0x08002e66   0x00000002   Code   RO         3542    i.HAL_TIM_OC_DelayElapsedCallback  stm32f3xx_hal_tim.o
    0x08002e68   0x00000002   Code   RO         3569    i.HAL_TIM_PWM_PulseFinishedCallback  stm32f3xx_hal_tim.o
    0x08002e6a   0x00000006   PAD
    0x08002e70   0x00000180   Code   RO          536    i.HAL_TIM_PeriodElapsedCallback  itcallback.o
    0x08002ff0   0x00000002   Code   RO         3579    i.HAL_TIM_TriggerCallback  stm32f3xx_hal_tim.o
    0x08002ff2   0x00000002   Code   RO         1967    i.HAL_UART_ErrorCallback  stm32f3xx_hal_uart.o
    0x08002ff4   0x00000124   Code   RO         1970    i.HAL_UART_IRQHandler  stm32f3xx_hal_uart.o
    0x08003118   0x0000006a   Code   RO         1971    i.HAL_UART_Init     stm32f3xx_hal_uart.o
    0x08003182   0x00000002   PAD
    0x08003184   0x00000080   Code   RO          136    i.HAL_UART_MspInit  usart.o
    0x08003204   0x000000c2   Code   RO         1976    i.HAL_UART_Receive_IT  stm32f3xx_hal_uart.o
    0x080032c6   0x00000002   PAD
    0x080032c8   0x0000006c   Code   RO          640    i.HAL_UART_RxCpltCallback  uartcallback.o
    0x08003334   0x0000009c   Code   RO         1980    i.HAL_UART_Transmit_DMA  stm32f3xx_hal_uart.o
    0x080033d0   0x00000002   Code   RO          642    i.HAL_UART_TxCpltCallback  uartcallback.o
    0x080033d2   0x00000002   Code   RO         1983    i.HAL_UART_TxHalfCpltCallback  stm32f3xx_hal_uart.o
    0x080033d4   0x00000002   Code   RO         1984    i.HAL_UART_WakeupCallback  stm32f3xx_hal_uart.o
    0x080033d6   0x0000006e   Code   RO          951    i.HRTIM_ForceRegistersUpdate  stm32f3xx_hal_hrtim.o
    0x08003444   0x0000002c   Code   RO          956    i.HRTIM_MasterBase_Config  stm32f3xx_hal_hrtim.o
    0x08003470   0x00000068   Code   RO          957    i.HRTIM_MasterWaveform_Config  stm32f3xx_hal_hrtim.o
    0x080034d8   0x000000e6   Code   RO          959    i.HRTIM_OutputConfig  stm32f3xx_hal_hrtim.o
    0x080035be   0x00000044   Code   RO          962    i.HRTIM_TimingUnitBase_Config  stm32f3xx_hal_hrtim.o
    0x08003602   0x0000016c   Code   RO          963    i.HRTIM_TimingUnitWaveform_Config  stm32f3xx_hal_hrtim.o
    0x0800376e   0x00000002   PAD
    0x08003770   0x00000058   Code   RO          205    i.MX_ADC1_Init      adc.o
    0x080037c8   0x00000058   Code   RO          206    i.MX_ADC2_Init      adc.o
    0x08003820   0x0000003c   Code   RO          459    i.MX_DAC1_Init      dac.o
    0x0800385c   0x00000044   Code   RO          292    i.MX_DMA_Init       dma.o
    0x080038a0   0x00000098   Code   RO          183    i.MX_GPIO_Init      gpio.o
    0x08003938   0x00000188   Code   RO          251    i.MX_HRTIM1_Init    hrtim.o
    0x08003ac0   0x00000020   Code   RO          684    i.MX_IWDG_Init      iwdg.o
    0x08003ae0   0x00000048   Code   RO          497    i.MX_TIM1_Init      tim.o
    0x08003b28   0x00000030   Code   RO          137    i.MX_USART2_UART_Init  usart.o
    0x08003b58   0x0000002c   Code   RO          581    i.Pixel_reset       sensortiming.o
    0x08003b84   0x0000002c   Code   RO          582    i.Pixel_sample      sensortiming.o
    0x08003bb0   0x00000026   Code   RO          583    i.Pixel_trig        sensortiming.o
    0x08003bd6   0x0000000e   Code   RO          335    i.SysTick_Handler   stm32f3xx_it.o
    0x08003be4   0x00000084   Code   RO          386    i.SystemClock_Config  main.o
    0x08003c68   0x00000068   Code   RO            4    i.SystemInit        system_stm32f3xx.o
    0x08003cd0   0x0000000c   Code   RO          336    i.TIM1_UP_TIM16_IRQHandler  stm32f3xx_it.o
    0x08003cdc   0x00000088   Code   RO         3580    i.TIM_Base_SetConfig  stm32f3xx_hal_tim.o
    0x08003d64   0x00000016   Code   RO         3584    i.TIM_ETR_SetConfig  stm32f3xx_hal_tim.o
    0x08003d7a   0x00000010   Code   RO         3585    i.TIM_ITRx_SetConfig  stm32f3xx_hal_tim.o
    0x08003d8a   0x00000026   Code   RO         3590    i.TIM_TI1_ConfigInputStage  stm32f3xx_hal_tim.o
    0x08003db0   0x00000024   Code   RO         3592    i.TIM_TI2_ConfigInputStage  stm32f3xx_hal_tim.o
    0x08003dd4   0x000000d8   Code   RO         1985    i.UART_AdvFeatureConfig  stm32f3xx_hal_uart.o
    0x08003eac   0x00000058   Code   RO         1986    i.UART_CheckIdleState  stm32f3xx_hal_uart.o
    0x08003f04   0x00000026   Code   RO         1987    i.UART_DMAError     stm32f3xx_hal_uart.o
    0x08003f2a   0x00000050   Code   RO         1990    i.UART_DMATransmitCplt  stm32f3xx_hal_uart.o
    0x08003f7a   0x0000000a   Code   RO         1991    i.UART_DMATxHalfCplt  stm32f3xx_hal_uart.o
    0x08003f84   0x00000034   Code   RO         1992    i.UART_EndTransmit_IT  stm32f3xx_hal_uart.o
    0x08003fb8   0x00000092   Code   RO         1993    i.UART_Receive_IT   stm32f3xx_hal_uart.o
    0x0800404a   0x00000002   PAD
    0x0800404c   0x000001e0   Code   RO         1994    i.UART_SetConfig    stm32f3xx_hal_uart.o
    0x0800422c   0x0000006a   Code   RO         1995    i.UART_Transmit_IT  stm32f3xx_hal_uart.o
    0x08004296   0x000000e2   Code   RO         1996    i.UART_WaitOnFlagUntilTimeout  stm32f3xx_hal_uart.o
    0x08004378   0x0000000c   Code   RO          337    i.USART2_IRQHandler  stm32f3xx_it.o
    0x08004384   0x0000000e   Code   RO         4213    i.__scatterload_copy  mc_w.l(handlers.o)
    0x08004392   0x00000002   Code   RO         4214    i.__scatterload_null  mc_w.l(handlers.o)
    0x08004394   0x0000000e   Code   RO         4215    i.__scatterload_zeroinit  mc_w.l(handlers.o)
    0x080043a2   0x00000006   PAD
    0x080043a8   0x00000270   Code   RO          387    i.main              main.o
    0x08004618   0x00000020   Data   RO         1912    .constdata          stm32f3xx_hal_rcc_ex.o
    0x08004638   0x00000010   Data   RO         2401    .constdata          stm32f3xx_hal_rcc.o
    0x08004648   0x00000020   Data   RO         4211    Region$$Table       anon$$obj.o


    Execution Region RW_IRAM1 (Base: 0x20000000, Size: 0x00001868, Max: 0x00004000, ABSOLUTE)

    Base Addr    Size         Type   Attr      Idx    E Section Name        Object

    0x20000000   0x00000014   Data   RW            5    .data               system_stm32f3xx.o
    0x20000014   0x00000004   Data   RW          208    .data               adc.o
    0x20000018   0x00000004   Data   RW          395    .data               main.o
    0x2000001c   0x00000004   Data   RW          396    .data               main.o
    0x20000020   0x00000014   Data   RW          397    .data               main.o
    0x20000034   0x0000001c   Data   RW          538    .data               itcallback.o
    0x20000050   0x00000004   Data   RW         2507    .data               stm32f3xx_hal.o
    0x20000054   0x000000a4   Zero   RW          138    .bss                usart.o
    0x200000f8   0x00000108   Zero   RW          207    .bss                adc.o
    0x20000200   0x000000dc   Zero   RW          252    .bss                hrtim.o
    0x200002dc   0x00000ce4   Zero   RW          388    .bss                main.o
    0x20000fc0   0x00000224   Zero   RW          391    .bss                main.o
    0x200011e4   0x00000014   Zero   RW          460    .bss                dac.o
    0x200011f8   0x0000003c   Zero   RW          498    .bss                tim.o
    0x20001234   0x00000220   Zero   RW          537    .bss                itcallback.o
    0x20001454   0x00000014   Zero   RW          685    .bss                iwdg.o
    0x20001468   0x00000400   Zero   RW         4164    STACK               startup_stm32f334x8.o


==============================================================================

Image component sizes


      Code (inc. data)   RO Data    RW Data    ZI Data      Debug   Object Name

       420         40          0          4        264       2634   adc.o
       116         14          0          0         20       1661   dac.o
        68          4          0          0          0        518   dma.o
       152         14          0          0          0        619   gpio.o
       496         18          0          0        220       2483   hrtim.o
       408         92          0         28        544       3290   itcallback.o
        34         10          0          0         20       1450   iwdg.o
       756         84          0         28       3848       3463   main.o
       126          0          0          0          0       1570   sensortiming.o
       104          0          0          0          0       1299   serverfunc.o
        36          8        392          0       1024        948   startup_stm32f334x8.o
       120         16          0          4          0       3910   stm32f3xx_hal.o
      2004         42          0          0          0       9077   stm32f3xx_hal_adc_ex.o
       242         16          0          0          0      30117   stm32f3xx_hal_cortex.o
       122          0          0          0          0       2059   stm32f3xx_hal_dac.o
       156          0          0          0          0       2127   stm32f3xx_hal_dac_ex.o
       844         30          0          0          0       3943   stm32f3xx_hal_dma.o
       488         18          0          0          0       3072   stm32f3xx_hal_gpio.o
      1976         16          0          0          0      15108   stm32f3xx_hal_hrtim.o
       386          0          0          0          0       3008   stm32f3xx_hal_iwdg.o
        36          4          0          0          0        526   stm32f3xx_hal_msp.o
      1008         44         16          0          0       5245   stm32f3xx_hal_rcc.o
      2732         52         32          0          0       5272   stm32f3xx_hal_rcc_ex.o
       986         22          0          0          0      10039   stm32f3xx_hal_tim.o
        88          0          0          0          0       2694   stm32f3xx_hal_tim_ex.o
      2196         50          0          0          0      13774   stm32f3xx_hal_uart.o
        74         30          0          0          0       2986   stm32f3xx_it.o
       104         20          0         20          0     453353   system_stm32f3xx.o
       124         16          0          0         60       1678   tim.o
       110         16          0          0          0       1728   uartcallback.o
       176         26          0          0        164       1737   usart.o

    ----------------------------------------------------------------------
     16710        702        472         84       6164     591388   Object Totals
         0          0         32          0          0          0   (incl. Generated)
        22          0          0          0          0          0   (incl. Padding)

    ----------------------------------------------------------------------

      Code (inc. data)   RO Data    RW Data    ZI Data      Debug   Library Member Name

         0          0          0          0          0          0   entry.o
         0          0          0          0          0          0   entry10a.o
         0          0          0          0          0          0   entry11a.o
         8          4          0          0          0          0   entry2.o
         4          0          0          0          0          0   entry5.o
         0          0          0          0          0          0   entry7b.o
         0          0          0          0          0          0   entry8b.o
         8          4          0          0          0          0   entry9a.o
        30          0          0          0          0          0   handlers.o
        36          8          0          0          0         68   init.o
         0          0          0          0          0          0   iusefp.o
        30          0          0          0          0         68   llshl.o
        32          0          0          0          0         68   llushr.o
        36          0          0          0          0         68   memcpya.o
        56          0          0          0          0         88   d2f.o
       186          0          0          0          0        176   depilogue.o
        34          0          0          0          0         76   dflti.o
       228          0          0          0          0         96   dmul.o
        38          0          0          0          0         68   f2d.o
       110          0          0          0          0        168   fepilogue.o

    ----------------------------------------------------------------------
       842         16          0          0          0        944   Library Totals
         6          0          0          0          0          0   (incl. Padding)

    ----------------------------------------------------------------------

      Code (inc. data)   RO Data    RW Data    ZI Data      Debug   Library Name

       184         16          0          0          0        272   mc_w.l
       652          0          0          0          0        672   mf_w.l

    ----------------------------------------------------------------------
       842         16          0          0          0        944   Library Totals

    ----------------------------------------------------------------------

==============================================================================


      Code (inc. data)   RO Data    RW Data    ZI Data      Debug   

     17552        718        472         84       6164     579872   Grand Totals
     17552        718        472         84       6164     579872   ELF Image Totals
     17552        718        472         84          0          0   ROM Totals

==============================================================================

    Total RO  Size (Code + RO Data)                18024 (  17.60kB)
    Total RW  Size (RW Data + ZI Data)              6248 (   6.10kB)
    Total ROM Size (Code + RO Data + RW Data)      18108 (  17.68kB)

==============================================================================

